// Jest Snapshot v1, https://goo.gl/fbAQLP

exports[`BackdropOverlay test backdrop open 1`] = `
.c3 {
  display: none;
  opacity: 0;
  -webkit-transition: opacity 300ms cubic-bezier(0.45,0.05,0,1);
  transition: opacity 300ms cubic-bezier(0.45,0.05,0,1);
}

.c0 {
  position: relative;
  z-index: -1;
}

.c1 {
  position: fixed;
  left: 0;
  top: 0;
  right: 0;
  bottom: 0;
  z-index: 1000;
}

.c4 {
  background-color: rgba(0,0,0,0.4);
}

.c2 {
  z-index: 1001;
}

<body>
  <div />
  <div
    id="backdrop-portal-1"
  >
    <div
      class="c0"
      data-testid="backdrop-container"
    >
      <div
        class="c1 c2"
        data-testid="backdrop-content"
      />
      <div
        class="c3"
        style="opacity: 0; display: block;"
      >
        <div
          class="c1 c4"
          data-testid="backdrop"
        />
      </div>
    </div>
  </div>
</body>
`;
