// Jest Snapshot v1, https://goo.gl/fbAQLP

exports[`CustomScrollbar test custom scrollbar render 1`] = `
.c0 {
  -webkit-scrollbar-width: thin;
  -moz-scrollbar-width: thin;
  -ms-scrollbar-width: thin;
  scrollbar-width: thin;
  -webkit-scrollbar-color: #4475E3 #F7F8FA;
  -moz-scrollbar-color: #4475E3 #F7F8FA;
  -ms-scrollbar-color: #4475E3 #F7F8FA;
  scrollbar-color: #4475E3 #F7F8FA;
}

.c0::-webkit-scrollbar {
  width: 0.25rem;
  height: 0.25rem;
}

.c0::-webkit-scrollbar-track {
  background: #F7F8FA;
  border-radius: 0.25rem;
  margin: 0.0625rem 0;
}

.c0::-webkit-scrollbar-thumb {
  background-color: #4475E3;
  border-radius: 0.625rem;
  border: 0rem solid #F7F8FA;
  width: 0.25rem;
  min-height: 0.25rem;
}

.c1 {
  overflow: auto;
  max-height: 31.25rem;
  border: 0.0625rem solid #4475E3;
}

<body>
  <div>
    <div
      class=" c0 c1"
      data-testid="scrollable-container"
    />
  </div>
</body>
`;
