// Jest Snapshot v1, https://goo.gl/fbAQLP

exports[`LineLoader [NEGATIVE] should render with excluding children 1`] = `
.c2 {
  height: 0.125rem;
  background: #4475E3;
}

.c0 {
  width: 100%;
  height: 0.0625rem;
  background: #B3C6F1;
  overflow: hidden;
}

.c0 .c1 {
  -webkit-animation: 1.7s infinite huZioT cubic-bezier(0.45,0.05,0,1);
  animation: 1.7s infinite huZioT cubic-bezier(0.45,0.05,0,1);
}

<body>
  <div>
    <div
      class="c0"
      data-testid="line-loader"
    >
      <div
        class="c1 c2"
        data-testid="runner"
      />
    </div>
  </div>
</body>
`;

exports[`LineLoader test line loader render 1`] = `
.c2 {
  height: 0.125rem;
  background: #4475E3;
}

.c0 {
  width: 100%;
  height: 0.0625rem;
  background: #B3C6F1;
  overflow: hidden;
}

.c0 .c1 {
  -webkit-animation: 1.7s infinite huZioT cubic-bezier(0.45,0.05,0,1);
  animation: 1.7s infinite huZioT cubic-bezier(0.45,0.05,0,1);
}

<body>
  <div>
    <div
      class="c0"
      data-testid="line-loader"
    >
      <div
        class="c1 c2"
        data-testid="runner"
      />
    </div>
  </div>
</body>
`;
