// Jest Snapshot v1, https://goo.gl/fbAQLP

exports[`dropdown-selection renderEditorContent should render editor content 1`] = `
.c12 {
  position: absolute;
  will-change: opacity,transform;
  border-radius: 50%;
  -webkit-animation: bykygw 600ms cubic-bezier(0.4,0,0.2,1) forwards;
  animation: bykygw 600ms cubic-bezier(0.4,0,0.2,1) forwards;
  z-index: 0;
  background-color: #E3EAFB;
  pointer-events: none;
}

.c9 {
  position: relative;
  z-index: 0;
  display: -webkit-box !important;
  display: -webkit-flex !important;
  display: -ms-flexbox !important;
  display: flex !important;
  -webkit-align-items: center;
  -webkit-box-align: center;
  -ms-flex-align: center;
  align-items: center;
  -webkit-box-pack: center;
  -webkit-justify-content: center;
  -ms-flex-pack: center;
  justify-content: center;
  border-radius: 0.25rem;
  width: 100%;
  white-space: nowrap;
  padding: 0;
  overflow: hidden;
  -webkit-transition-duration: 0;
  transition-duration: 0;
  -webkit-transition-property: background-color;
  transition-property: background-color;
  height: 1.5rem;
  width: 1.5rem;
  border: none;
  background-color: transparent;
}

.c9:hover {
  cursor: pointer;
}

.c9 > div {
  color: #4475E3;
}

.c9 > div svg {
  fill: #4475E3;
}

.c9:hover:enabled > div {
  color: #2F65E0;
}

.c9:hover:enabled > div svg {
  fill: #2F65E0;
}

.c9:hover:enabled:active > div {
  color: #2057D5;
}

.c9:hover:enabled:active > div svg {
  fill: #2057D5;
}

.c9:disabled > div {
  color: #B3C6F1;
}

.c9:disabled > div svg {
  fill: #B3C6F1;
}

.c9:focus-visible {
  outline: 0.125rem solid #C7D6F7;
}

.c9:focus-visible > div {
  color: #4475E3;
}

.c9:focus-visible > div svg {
  fill: #4475E3;
}

.c9:hover:enabled {
  background-color: #ECF1FC;
}

.c9:hover:enabled:active > div {
  color: #2057D5;
}

.c9:hover:enabled:active > div svg {
  fill: #2057D5;
}

.c9:focus-visible:enabled {
  background-color: #C7D6F7;
  outline: none;
}

.c11 {
  position: relative;
  z-index: 2;
  display: -webkit-box;
  display: -webkit-flex;
  display: -ms-flexbox;
  display: flex;
  -webkit-box-pack: center;
  -webkit-justify-content: center;
  -ms-flex-pack: center;
  justify-content: center;
  -webkit-align-items: center;
  -webkit-box-align: center;
  -ms-flex-align: center;
  align-items: center;
  -webkit-transform: translate3d(0,0,0.0625rem);
  -ms-transform: translate3d(0,0,0.0625rem);
  transform: translate3d(0,0,0.0625rem);
}

.c4 {
  -webkit-scrollbar-width: thin;
  -moz-scrollbar-width: thin;
  -ms-scrollbar-width: thin;
  scrollbar-width: thin;
  -webkit-scrollbar-color: #C7D6F7 #FFFFFF;
  -moz-scrollbar-color: #C7D6F7 #FFFFFF;
  -ms-scrollbar-color: #C7D6F7 #FFFFFF;
  scrollbar-color: #C7D6F7 #FFFFFF;
}

.c4::-webkit-scrollbar {
  width: 1.25rem;
  height: 1.25rem;
}

.c4::-webkit-scrollbar-track {
  background: #FFFFFF;
  border-radius: 0.25rem;
  margin: 0.0625rem 0;
}

.c4::-webkit-scrollbar-thumb {
  background-color: #C7D6F7;
  border-radius: 0.625rem;
  border: 0.5rem solid #FFFFFF;
  width: 0.25rem;
  min-height: 1.25rem;
}

.c5 {
  resize: none;
  -webkit-appearance: none;
  -moz-appearance: none;
  appearance: none;
  box-sizing: border-box;
  outline: none;
  width: 100%;
  padding: 0;
  margin: 0;
  border: none;
  background: transparent;
  overflow-y: hidden;
  caret-color: #4475E3;
  overflow-x: hidden;
  resize: none;
  font-family: Inter,sans-serif;
  font-size: 0.875rem;
  line-height: 1.3125rem;
  font-weight: 400;
  font-style: normal;
  color: #808080;
  min-height: 1.5rem;
}

.c0 {
  display: -webkit-box;
  display: -webkit-flex;
  display: -ms-flexbox;
  display: flex;
  -webkit-flex-direction: column;
  -ms-flex-direction: column;
  flex-direction: column;
  -webkit-align-items: stretch;
  -webkit-box-align: stretch;
  -ms-flex-align: stretch;
  align-items: stretch;
  position: relative;
}

.c3 {
  width: 2.5rem;
  height: 2.5rem;
  display: -webkit-box;
  display: -webkit-flex;
  display: -ms-flexbox;
  display: flex;
  -webkit-align-items: center;
  -webkit-box-align: center;
  -ms-flex-align: center;
  align-items: center;
  -webkit-box-pack: center;
  -webkit-justify-content: center;
  -ms-flex-pack: center;
  justify-content: center;
}

.c6 {
  margin: 0.5625rem 0 0.4375rem !important;
  color: #474747;
}

.c6::-webkit-input-placeholder {
  color: #A1A1A1;
}

.c6::-moz-placeholder {
  color: #A1A1A1;
}

.c6:-ms-input-placeholder {
  color: #A1A1A1;
}

.c6::placeholder {
  color: #A1A1A1;
}

.c8 {
  height: 2.5rem;
  display: grid;
  -webkit-align-items: center;
  -webkit-box-align: center;
  -ms-flex-align: center;
  align-items: center;
  gap: 0.5rem;
  grid-template-columns: repeat(2,1.5rem);
}

.c10 {
  visibility: hidden;
}

.c13 {
  cursor: move !important;
}

.c1 {
  min-height: 2.5rem;
  height: 2.5rem;
  border-radius: 0.25rem;
  display: grid;
  margin: 0.25rem 0;
  gap: 0.25rem;
  -webkit-align-items: flex-start;
  -webkit-box-align: flex-start;
  -ms-flex-align: flex-start;
  align-items: flex-start;
  background-color: #FFFFFF;
}

.c2 {
  grid-template-columns: 2.5rem 1fr 4.5rem;
  opacity: 1;
  height: -webkit-fit-content;
  height: -moz-fit-content;
  height: fit-content;
}

.c2 .c7 {
  opacity: 0;
  -webkit-transition: opacity 300ms cubic-bezier(0.45,0.05,0,1);
  transition: opacity 300ms cubic-bezier(0.45,0.05,0,1);
}

.c2:hover {
  background-color: #F7F8FA;
}

.c2:hover .c7 {
  opacity: 1;
}

.c14 {
  grid-template-columns: 2.5rem 1fr;
}

<body>
  <div>
    <div
      class="c0"
    >
      <div
        class="c1 c2"
      >
        <div
          class="c3"
        >
          <svg />
        </div>
        <textarea
          class=" c4 c5 c6"
          maxlength="256"
          placeholder="Enter option"
          rows="1"
          style="overflow-y: hidden; height: 0rem;"
        >
          Option 1
        </textarea>
        <div
          class="c7 c8"
        >
          <button
            aria-label="Delete Option"
            class="c9 c10"
            data-testid="delete-option-button"
            fill="text"
            style="overflow: hidden; position: relative;"
          >
            <div
              class="c11"
              data-testid="content"
            >
              <svg />
            </div>
            <div
              class="c12"
              color="primaryLightPressed"
              opacity="1,1"
              scale="0"
              style="display: none; width: 0rem; height: 0rem; top: 0rem; left: 0rem;"
            />
          </button>
          <button
            aria-label="Drag and Drop Question"
            class="c9 c13"
            fill="text"
            style="overflow: hidden; position: relative;"
          >
            <div
              class="c11"
              data-testid="content"
            >
              <svg />
            </div>
            <div
              class="c12"
              color="primaryLightPressed"
              opacity="1,1"
              scale="0"
              style="display: none; width: 0rem; height: 0rem; top: 0rem; left: 0rem;"
            />
          </button>
        </div>
      </div>
      <div
        class="c1 c2"
      >
        <div
          class="c3"
        >
          <svg />
        </div>
        <textarea
          class=" c4 c5 c6"
          maxlength="256"
          placeholder="Enter option"
          rows="1"
          style="overflow-y: hidden; height: 0rem;"
        >
          Option 2
        </textarea>
        <div
          class="c7 c8"
        >
          <button
            aria-label="Delete Option"
            class="c9 c10"
            data-testid="delete-option-button"
            fill="text"
            style="overflow: hidden; position: relative;"
          >
            <div
              class="c11"
              data-testid="content"
            >
              <svg />
            </div>
            <div
              class="c12"
              color="primaryLightPressed"
              opacity="1,1"
              scale="0"
              style="display: none; width: 0rem; height: 0rem; top: 0rem; left: 0rem;"
            />
          </button>
          <button
            aria-label="Drag and Drop Question"
            class="c9 c13"
            fill="text"
            style="overflow: hidden; position: relative;"
          >
            <div
              class="c11"
              data-testid="content"
            >
              <svg />
            </div>
            <div
              class="c12"
              color="primaryLightPressed"
              opacity="1,1"
              scale="0"
              style="display: none; width: 0rem; height: 0rem; top: 0rem; left: 0rem;"
            />
          </button>
        </div>
      </div>
    </div>
    <div
      class="c1 c14"
    >
      <div
        class="c3"
      >
        <svg />
      </div>
      <textarea
        class=" c4 c5 c6"
        data-testid="question-card-add-option"
        placeholder="Add option"
        rows="1"
        style="overflow-y: hidden; height: 0rem;"
      />
    </div>
  </div>
</body>
`;

exports[`dropdown-selection renderPreviewContent should render preview content 1`] = `
.c9 {
  display: inline-grid;
  gap: 0.25rem;
  grid-template-columns: 2.5rem;
  -webkit-align-items: flex-start;
  -webkit-box-align: flex-start;
  -ms-flex-align: flex-start;
  align-items: flex-start;
}

.c11 {
  width: 2.5rem;
  height: 2.5rem;
  display: -webkit-box;
  display: -webkit-flex;
  display: -ms-flexbox;
  display: flex;
  -webkit-align-items: center;
  -webkit-box-align: center;
  -ms-flex-align: center;
  align-items: center;
  -webkit-box-pack: center;
  -webkit-justify-content: center;
  -ms-flex-pack: center;
  justify-content: center;
}

.c7 {
  display: inline-block;
}

.c7 input {
  display: none;
}

.c7 .c10 > svg > :nth-child(1) {
  -webkit-transition: stroke-color 300ms cubic-bezier(0.45,0.05,0,1), fill 300ms cubic-bezier(0.45,0.05,0,1);
  transition: stroke-color 300ms cubic-bezier(0.45,0.05,0,1), fill 300ms cubic-bezier(0.45,0.05,0,1);
  fill: #4475E3;
}

.c7 .c10 > svg > :nth-child(2) {
  -webkit-transition: stroke-color 300ms cubic-bezier(0.45,0.05,0,1), fill 300ms cubic-bezier(0.45,0.05,0,1);
  transition: stroke-color 300ms cubic-bezier(0.45,0.05,0,1), fill 300ms cubic-bezier(0.45,0.05,0,1);
}

.c7:hover > .c8 {
  cursor: pointer;
}

.c0 {
  position: relative;
  width: 100%;
}

.c6 {
  width: 2.5rem;
  height: 2.5rem;
  grid-area: left-icon;
  display: -webkit-box;
  display: -webkit-flex;
  display: -ms-flexbox;
  display: flex;
  -webkit-align-items: center;
  -webkit-box-align: center;
  -ms-flex-align: center;
  align-items: center;
  -webkit-box-pack: center;
  -webkit-justify-content: center;
  -ms-flex-pack: center;
  justify-content: center;
}

.c13 {
  font-family: Inter,sans-serif;
  font-size: 0.875rem;
  line-height: 1.3125rem;
  font-weight: 400;
  font-style: normal;
  color: #474747;
  grid-area: label;
  text-overflow: ellipsis;
  white-space: nowrap;
  overflow: hidden;
}

.c14 {
  grid-area: right-icon;
}

.c3 {
  width: 100%;
  height: 2.625rem;
  padding: 0 1rem;
  padding-right: 0.5rem;
  box-sizing: border-box;
  display: grid;
  grid-template-areas: 'left-icon label right-icon';
  grid-template-columns: 2.5rem 1fr 24px;
  -webkit-align-items: center;
  -webkit-box-align: center;
  -ms-flex-align: center;
  align-items: center;
  gap: 0.25rem;
  background-color: #FFFFFF;
  border: 0.0625rem solid transparent;
  border-top-width: 0;
  -webkit-transition: all 300ms cubic-bezier(0.45,0.05,0,1);
  transition: all 300ms cubic-bezier(0.45,0.05,0,1);
  padding-left: 0.5rem;
}

.c3:hover {
  cursor: pointer;
}

.c4 {
  border-top-width: 0.0625rem;
  border-color: !important;
  border-radius: 0.25rem;
}

.c4:hover {
  border-color: #2F65E0;
}

.c1 {
  display: -webkit-box;
  display: -webkit-flex;
  display: -ms-flexbox;
  display: flex;
  border-bottom: 0.4375rem solid transparent;
  border-top: 0.4375rem solid transparent;
  border-radius: 0.25rem;
  outline: #B3C6F1 solid 0.0625rem;
  outline-color: #4475E3;
  width: 19.5rem;
  min-width: 19.5rem;
}

.c1:hover {
  outline: #4475E3 solid 0.0625rem;
}

.c1 .c5 {
  display: none;
}

.c1 .c2 {
  display: -webkit-box;
  display: -webkit-flex;
  display: -ms-flexbox;
  display: flex;
  -webkit-box-pack: justify;
  -webkit-justify-content: space-between;
  -ms-flex-pack: justify;
  justify-content: space-between;
  padding: 0 1.125rem;
  border-color: transparent !important;
}

.c1 .c2:hover {
  border-color: transparent !important;
}

.c1 .c12 {
  font-size: 1rem;
}

<body>
  <div>
    <div
      class="c0 c1"
    >
      <div
        class="c2 c3 c4"
        data-testid="value-item"
      >
        <div
          class="c5 c6"
        >
          <div
            class="c7 "
            kind="radio"
          >
            <label
              class="c8 c9"
              for="1"
              kind="radio"
            >
              <div
                class="c10 c11"
              >
                <svg />
              </div>
            </label>
            <input
              checked=""
              id="1"
              type="checkbox"
            />
          </div>
        </div>
        <div
          class="c12 c13"
        >
          Option 1
        </div>
        <svg
          class="c14"
        />
      </div>
    </div>
  </div>
</body>
`;
