// Jest Snapshot v1, https://goo.gl/fbAQLP

exports[`CheckMailbox should render 1`] = `
.c9 {
  -webkit-text-decoration: none;
  text-decoration: none;
  cursor: default;
  -webkit-user-drag: none;
}

.c9:hover {
  cursor: pointer;
}

.c1 {
  display: -webkit-box;
  display: -webkit-flex;
  display: -ms-flexbox;
  display: flex;
  -webkit-flex-direction: column;
  -ms-flex-direction: column;
  flex-direction: column;
  background-color: #FFFFFF;
  box-shadow: 0 0 0.125rem 0rem rgba(0,0,0,0.15);
  border-radius: 0.25rem;
  box-sizing: border-box;
  padding: 1.5rem 1.5rem 1rem;
  overflow: visible;
  position: relative;
}

.c1 > * {
  min-width: 0;
  min-height: 0;
  overflow: visible;
}

.c3 {
  -webkit-transition: opacity 0.3s cubic-bezier(0.45,0.05,0,1);
  transition: opacity 0.3s cubic-bezier(0.45,0.05,0,1);
  opacity: 1;
  -webkit-flex: 1;
  -ms-flex: 1;
  flex: 1;
  position: relative;
}

.c4 {
  display: -webkit-box;
  display: -webkit-flex;
  display: -ms-flexbox;
  display: flex;
  -webkit-flex-direction: column;
  -ms-flex-direction: column;
  flex-direction: column;
  width: 100%;
  -webkit-align-items: center;
  -webkit-box-align: center;
  -ms-flex-align: center;
  align-items: center;
  margin-top: -0.875rem;
}

.c4 > * {
  text-align: center;
}

.c5 {
  display: -webkit-box;
  display: -webkit-flex;
  display: -ms-flexbox;
  display: flex;
  -webkit-align-items: center;
  -webkit-box-align: center;
  -ms-flex-align: center;
  align-items: center;
  -webkit-box-pack: center;
  -webkit-justify-content: center;
  -ms-flex-pack: center;
  justify-content: center;
  width: 15rem;
  height: 15rem;
}

.c6 {
  font-family: Inter,sans-serif;
  font-size: 2rem;
  line-height: 2.625rem;
  font-weight: 600;
  font-style: normal;
  margin: 0;
  margin-top: 2rem;
}

.c7 {
  font-family: Inter,sans-serif;
  font-size: 1rem;
  line-height: 1.5rem;
  font-weight: 400;
  font-style: normal;
  max-width: 37.5rem;
  margin: 0;
  margin-top: 0.5rem;
}

.c7 strong {
  font-family: Inter,sans-serif;
  font-size: 1rem;
  line-height: 1.5rem;
  font-weight: 600;
  font-style: normal;
}

.c10 {
  position: relative;
  height: 0;
  width: 100%;
  pointer-events: none;
}

.c0 {
  display: -webkit-box;
  display: -webkit-flex;
  display: -ms-flexbox;
  display: flex;
  -webkit-align-items: center;
  -webkit-box-align: center;
  -ms-flex-align: center;
  align-items: center;
  -webkit-box-pack: center;
  -webkit-justify-content: center;
  -ms-flex-pack: center;
  justify-content: center;
  height: 100%;
  width: 100%;
}

.c2 {
  width: 90%;
  max-width: 50rem;
  min-height: 34.125rem;
}

.c2 > div {
  display: -webkit-box;
  display: -webkit-flex;
  display: -ms-flexbox;
  display: flex;
  -webkit-align-items: center;
  -webkit-box-align: center;
  -ms-flex-align: center;
  align-items: center;
  -webkit-box-pack: center;
  -webkit-justify-content: center;
  -ms-flex-pack: center;
  justify-content: center;
}

.c8 {
  font-family: Inter,sans-serif;
  font-size: 0.875rem;
  line-height: 1.3125rem;
  font-weight: 400;
  font-style: normal;
  margin-top: 3.3125rem;
}

.c8 a {
  font-family: Inter,sans-serif;
  font-size: 0.875rem;
  line-height: 1.3125rem;
  font-weight: 600;
  font-style: normal;
  color: #4475E3;
  display: inline-block;
  margin-left: 0.5rem;
}

@media (min-width:64rem) {

}

@media (min-width:90rem) {

}

<body>
  <div>
    <div
      class="c0"
    >
      <div
        class="c1 c2"
      >
        <div
          class="c3"
          data-testid="card-content"
        >
          <div
            class="c4"
          >
            <div
              class="c5"
            >
              <svg />
            </div>
            <h2
              class="c6"
            >
              Check your mailbox
            </h2>
            <p
              class="c7"
            >
              We’ve emailed an account activation link to
              <br />
              <strong />
            </p>
            <div
              class=""
            >
              <div
                class="c8"
              >
                Didn’t get the email?
                <a
                  class="c9"
                  data-testid="signup-check-mailbox-resend"
                  href="/"
                >
                  Resend the email
                </a>
              </div>
            </div>
          </div>
        </div>
      </div>
    </div>
    <div
      class="c10"
    />
  </div>
</body>
`;
