// Jest Snapshot v1, https://goo.gl/fbAQLP

exports[`DataCollection should render 1`] = `
.c10 {
  position: absolute;
  will-change: opacity,transform;
  border-radius: 50%;
  -webkit-animation: bykygw 600ms cubic-bezier(0.4,0,0.2,1) forwards;
  animation: bykygw 600ms cubic-bezier(0.4,0,0.2,1) forwards;
  z-index: 0;
  pointer-events: none;
}

.c8 {
  position: relative;
  display: -webkit-box !important;
  display: -webkit-flex !important;
  display: -ms-flexbox !important;
  display: flex !important;
  -webkit-align-items: center;
  -webkit-box-align: center;
  -ms-flex-align: center;
  align-items: center;
  -webkit-box-pack: center;
  -webkit-justify-content: center;
  -ms-flex-pack: center;
  justify-content: center;
  border-radius: 0.25rem;
  width: 6.75rem;
  white-space: nowrap;
  padding: 0;
  overflow: hidden;
  -webkit-transition-duration: 400ms;
  transition-duration: 400ms;
  -webkit-transition-property: background-color;
  transition-property: background-color;
  height: 3rem;
  border: none;
  background-color: #4475E3;
}

.c8 > div {
  font-family: Inter,sans-serif;
  font-size: 1rem;
  line-height: 1.5rem;
  font-weight: 600;
  font-style: normal;
}

.c8 > div svg {
  margin-right: 0.25rem;
}

.c8 > div {
  color: #FFFFFF;
}

.c8 > div svg {
  fill: #FFFFFF;
}

.c8:hover:enabled {
  background-color: #2F65E0;
}

.c8:disabled {
  background-color: #B3C6F1;
}

.c8:focus-visible:enabled {
  border: 0.125rem solid #FFFFFF;
  background-color: #4475E3;
  outline: 0.125rem solid #C7D6F7;
}

.c9 {
  position: relative;
  z-index: 2;
  display: -webkit-box;
  display: -webkit-flex;
  display: -ms-flexbox;
  display: flex;
  -webkit-box-pack: center;
  -webkit-justify-content: center;
  -ms-flex-pack: center;
  justify-content: center;
  -webkit-align-items: center;
  -webkit-box-align: center;
  -ms-flex-align: center;
  align-items: center;
  -webkit-transform: translate3d(0,0,0.0625rem);
  -ms-transform: translate3d(0,0,0.0625rem);
  transform: translate3d(0,0,0.0625rem);
}

.c19 {
  box-sizing: border-box;
  display: -webkit-box;
  display: -webkit-flex;
  display: -ms-flexbox;
  display: flex;
  -webkit-align-items: center;
  -webkit-box-align: center;
  -ms-flex-align: center;
  align-items: center;
  -webkit-box-pack: center;
  -webkit-justify-content: center;
  -ms-flex-pack: center;
  justify-content: center;
  -webkit-flex-direction: column;
  -ms-flex-direction: column;
  flex-direction: column;
  min-width: 100%;
  min-height: 100%;
  -webkit-flex: 1;
  -ms-flex: 1;
  flex: 1;
}

.c21 {
  margin-bottom: 0;
}

.c22 {
  font-family: Inter,sans-serif;
  font-size: 0.875rem;
  line-height: 1.3125rem;
  font-weight: 400;
  font-style: normal;
  color: #474747;
  margin-bottom: 1.4375rem;
}

.c11 {
  display: -webkit-box;
  display: -webkit-flex;
  display: -ms-flexbox;
  display: flex;
  -webkit-flex-direction: column;
  -ms-flex-direction: column;
  flex-direction: column;
  background-color: #FFFFFF;
  box-shadow: 0 0 0.125rem 0rem rgba(0,0,0,0.15);
  border-radius: 0.25rem;
  box-sizing: border-box;
  padding: 1.5rem 1.5rem 1rem;
  overflow: visible;
  position: relative;
}

.c11 > * {
  min-width: 0;
  min-height: 0;
  overflow: visible;
}

.c18 {
  -webkit-transition: opacity 0.3s cubic-bezier(0.45,0.05,0,1);
  transition: opacity 0.3s cubic-bezier(0.45,0.05,0,1);
  opacity: 1;
  -webkit-flex: 1;
  -ms-flex: 1;
  flex: 1;
  position: relative;
}

.c15 {
  display: -webkit-box;
  display: -webkit-flex;
  display: -ms-flexbox;
  display: flex;
  -webkit-flex-direction: column;
  -ms-flex-direction: column;
  flex-direction: column;
}

.c16 {
  display: -webkit-box;
  display: -webkit-flex;
  display: -ms-flexbox;
  display: flex;
  -webkit-box-pack: justify;
  -webkit-justify-content: space-between;
  -ms-flex-pack: justify;
  justify-content: space-between;
  height: 2.6875rem;
}

.c17 {
  font-family: Inter,sans-serif;
  font-size: 1rem;
  line-height: 1.3125rem;
  font-weight: 600;
  font-style: normal;
  color: #474747;
  display: inline-block;
  margin: 0;
}

.c23 {
  position: relative;
  height: 0;
  width: 100%;
  pointer-events: none;
}

.c2 {
  position: relative;
  width: 100%;
}

.c5 {
  font-family: Inter,sans-serif;
  font-size: 0.875rem;
  line-height: 1.3125rem;
  font-weight: 400;
  font-style: normal;
  color: #474747;
  grid-area: label;
}

.c6 {
  grid-area: right-icon;
}

.c3 {
  width: 100%;
  height: 3rem;
  padding: 0 1rem;
  padding-right: 0.5rem;
  box-sizing: border-box;
  display: grid;
  grid-template-areas: ' label right-icon';
  grid-template-columns: 1fr 24px;
  -webkit-align-items: center;
  -webkit-box-align: center;
  -ms-flex-align: center;
  align-items: center;
  gap: 0.25rem;
  background-color: #FFFFFF;
  border: 0.0625rem solid transparent;
  border-top-width: 0;
  -webkit-transition: all 300ms cubic-bezier(0.45,0.05,0,1);
  transition: all 300ms cubic-bezier(0.45,0.05,0,1);
}

.c3:hover {
  cursor: pointer;
}

.c4 {
  border-top-width: 0.0625rem;
  border-color: !important;
  border-radius: 0.25rem;
}

.c4:hover {
  border-color: #2F65E0;
}

.c12 {
  height: 33rem;
}

.c7 {
  display: -webkit-box;
  display: -webkit-flex;
  display: -ms-flexbox;
  display: flex;
  -webkit-align-items: center;
  -webkit-box-align: center;
  -ms-flex-align: center;
  align-items: center;
  -webkit-box-flex: 1;
  -webkit-flex-grow: 1;
  -ms-flex-positive: 1;
  flex-grow: 1;
  min-width: 0;
  -webkit-column-gap: 0.5rem;
  column-gap: 0.5rem;
}

.c7 .CodeMirror-hints {
  width: 8.375rem;
  margin-top: 0.3125rem;
  padding: 0;
  list-style-type: none;
  background-color: #FFFFFF;
  border: none;
  border-radius: 0.125rem;
  box-shadow: 0 0.3125rem 0.75rem rgba(0,0,0,0.12);
}

.c7 .CodeMirror-hints .CodeMirror-hint {
  height: 2.125rem;
  font-family: Fira Code,sans-serif;
  font-size: 0.75rem;
  line-height: 150%;
  font-weight: 450;
  font-style: normal;
  color: #808080;
  padding: 0.5rem;
  white-space: nowrap;
  cursor: pointer;
}

.c7 .CodeMirror-hints .CodeMirror-hint .cm-custom-hint-highlight {
  font-family: inherit;
  color: #4475E3;
}

.c7 .CodeMirror-hints .CodeMirror-hint:hover {
  background-color: #ECF1FC;
}

.c7 .CodeMirror-hints .CodeMirror-hint-active {
  background-color: #C7D6F7;
}

.c7 .CodeMirror {
  height: 3rem;
  background-color: #FFFFFF;
  border-radius: 0.25rem;
  border-width: 0.0625rem;
  border-style: solid;
  border-color: #FFFFFF;
  box-shadow: 0 0 0.125rem rgba(0,0,0,0.15);
  -webkit-flex: 1;
  -ms-flex: 1;
  flex: 1;
  line-height: 1;
  -webkit-transition: border 300ms cubic-bezier(0.45,0.05,0,1);
  transition: border 300ms cubic-bezier(0.45,0.05,0,1);
  caret-color: #4475E3;
  overflow: hidden;
  font-family: Fira Code,sans-serif;
  font-size: 0.875rem;
  line-height: 130%;
  font-weight: 450;
  font-style: normal;
}

.c7 .CodeMirror:hover {
  border-color: #2F65E0;
}

.c7 .CodeMirror .CodeMirror-hscrollbar,
.c7 .CodeMirror .CodeMirror-vscrollbar {
  display: none !important;
}

.c7 .CodeMirror .CodeMirror-scroll {
  padding: 0.9375rem 1.875rem 1.875rem 1rem;
  margin-bottom: -1.875rem;
  margin-right: -1.875rem;
  overflow: hidden !important;
}

.c7 .CodeMirror .CodeMirror-lines {
  padding: 0;
}

.c7 .CodeMirror pre.CodeMirror-line,
.c7 .CodeMirror pre.CodeMirror-line-like {
  padding: 0;
}

.c7 .CodeMirror pre.CodeMirror-line span,
.c7 .CodeMirror pre.CodeMirror-line-like span {
  color: #808080;
}

.c7 .CodeMirror .cm-keyword,
.c7 .CodeMirror .cm-property {
  color: #00B0D7 !important;
}

.c7 .CodeMirror.CodeMirror-focused {
  border-color: #4475E3;
}

.c7 .CodeMirror .cm-string,
.c7 .CodeMirror .cm-number {
  color: #944ED7 !important;
}

.c0 {
  width: 100%;
  height: 100%;
  margin-top: 1.25rem;
  display: -webkit-box;
  display: -webkit-flex;
  display: -ms-flexbox;
  display: flex;
  -webkit-flex-direction: column;
  -ms-flex-direction: column;
  flex-direction: column;
  row-gap: 1rem;
}

.c20 {
  height: 25.625rem;
}

.c1 {
  width: 18.5rem;
}

.c13 {
  padding-top: 1rem !important;
}

.c13 p {
  padding-top: 0.5rem;
}

.c13 > div > div:nth-child(2) {
  margin-top: 0;
}

.c13 > .c14 {
  height: 4rem;
}

<body>
  <div>
    <div
      class="c0"
    >
      <div
        class="c1"
      >
        <div
          class="c2"
        >
          <div
            class="c3 c4"
            data-testid="ValueItem"
          >
            <div
              class="c5"
            >
              Select a table
            </div>
            <svg
              class="c6"
            />
          </div>
        </div>
      </div>
      <div>
        <div
          class="c7"
          data-testid="sql-query-editor"
        >
          <textarea
            data-testid="sql-query-editor-textarea"
            style="display: none;"
          />
          <div
            class="CodeMirror cm-s-default"
            translate="no"
          >
            <div
              style="overflow: hidden; position: relative; width: 3px; height: 0px; top: 0px; left: 0px;"
            >
              <textarea
                autocapitalize="off"
                autocorrect="off"
                spellcheck="false"
                style="position: absolute; bottom: -1em; padding: 0px; width: 1000px; height: 1em; min-height: 1em; outline: none;"
                tabindex="0"
              />
            </div>
            <div
              class="CodeMirror-vscrollbar"
              cm-not-content="true"
              tabindex="-1"
            >
              <div
                style="min-width: 1px;"
              />
            </div>
            <div
              class="CodeMirror-hscrollbar"
              cm-not-content="true"
              tabindex="-1"
            >
              <div
                style="height: 100%; min-height: 1px;"
              />
            </div>
            <div
              class="CodeMirror-scrollbar-filler"
              cm-not-content="true"
            />
            <div
              class="CodeMirror-gutter-filler"
              cm-not-content="true"
            />
            <div
              class="CodeMirror-scroll"
              tabindex="-1"
            >
              <div
                class="CodeMirror-sizer"
                style="margin-left: 0px; min-width: 3px;"
              >
                <div
                  style="position: relative;"
                >
                  <div
                    class="CodeMirror-lines"
                    role="presentation"
                  >
                    <div
                      role="presentation"
                      style="position: relative; outline: none;"
                    >
                      <div
                        class="CodeMirror-measure"
                      />
                      <div
                        class="CodeMirror-measure"
                      >
                        <pre
                          class="CodeMirror-line"
                          role="presentation"
                        >
                          <span
                            role="presentation"
                            style="padding-right: .1px;"
                          >
                            <span
                              class="cm-keyword"
                            >
                              select
                            </span>
                             
                            <span
                              class="cm-operator"
                            >
                              *
                            </span>
                             
                            <span
                              class="cm-keyword"
                            >
                              from
                            </span>
                          </span>
                        </pre>
                      </div>
                      <div
                        style="position: relative; z-index: 1;"
                      />
                      <div
                        class="CodeMirror-cursors"
                      />
                      <div
                        class="CodeMirror-code"
                        role="presentation"
                      />
                    </div>
                  </div>
                </div>
              </div>
              <div
                style="position: absolute; height: 50px; width: 1px;"
              />
              <div
                class="CodeMirror-gutters"
                style="display: none;"
              />
            </div>
          </div>
          <button
            class="c8"
            data-testid="sql-query-editor-send"
            disabled=""
            fill="solid"
            style="overflow: hidden; position: relative;"
            width="108"
          >
            <div
              class="c9"
              data-testid="content"
            >
              Run
            </div>
            <div
              class="c10"
              color="primaryPressed"
              opacity="1,1"
              scale="0"
              style="display: none; width: 0rem; height: 0rem; top: 0rem; left: 0rem;"
            />
          </button>
        </div>
      </div>
      <div
        class="c11 c12 c13"
      >
        <div
          class="c14 c15"
        >
          <div
            class="c16"
          >
            <p
              class="c17"
              data-testid="title"
            >
              Query Results
            </p>
          </div>
        </div>
        <div
          class="c18"
          data-testid="card-content"
        >
          <div
            class="c19 c20"
          >
            <div
              class="c21"
            >
              <svg
                data-testid="empty-icon"
              />
            </div>
            <div
              class="c22"
            >
              No data selected yet
            </div>
          </div>
          <div
            class="c23"
          />
        </div>
      </div>
    </div>
  </div>
</body>
`;
