// Jest Snapshot v1, https://goo.gl/fbAQLP

exports[`DonutChart should render 1`] = `
.c4 {
  display: inline-block;
  position: relative;
}

.c0 {
  position: relative;
  display: -webkit-box;
  display: -webkit-flex;
  display: -ms-flexbox;
  display: flex;
  -webkit-box-pack: center;
  -webkit-justify-content: center;
  -ms-flex-pack: center;
  justify-content: center;
  -webkit-align-items: center;
  -webkit-box-align: center;
  -ms-flex-align: center;
  align-items: center;
}

.c1 {
  position: absolute;
  width: 100%;
  height: 100%;
}

.c2 {
  font-family: Inter,sans-serif;
  font-size: 3rem;
  line-height: 3.625rem;
  font-weight: 600;
  font-style: normal;
  color: #474747;
}

.c3 {
  font-family: Inter,sans-serif;
  font-size: 2rem;
  line-height: 2.625rem;
  font-weight: 600;
  font-style: normal;
  color: #474747;
}

<body>
  <div>
    <div
      class="c0"
      style="width: 62.5rem; height: 62.5rem;"
    >
      <svg
        class="c1"
        viewBox="0 0 100 100"
      >
        <g
          transform="translate(50, 50)"
        >
          <path
            d="M3.061616997868383e-15,-50A50,50,0,1,1,-3.061616997868383e-15,50A50,50,0,1,1,3.061616997868383e-15,-50M-6.053651791239757e-15,-32.95454545454545A32.95454545454545,32.95454545454545,0,1,0,6.053651791239757e-15,32.95454545454545A32.95454545454545,32.95454545454545,0,1,0,-6.053651791239757e-15,-32.95454545454545Z"
            data-testid="arc-shape-0"
            fill="#4475E3"
          />
          <g
            transform="translate(0)"
          >
            <text
              data-testid="donut-chart-shape-0"
              id="donut-chart-shape-0"
            />
          </g>
        </g>
      </svg>
      <div
        class=""
      >
        <span
          class="c2"
        >
          0
        </span>
        <span
          class="c3"
        >
          %
        </span>
      </div>
      <span
        class="c4"
        data-testid="tooltip-container"
      />
    </div>
  </div>
</body>
`;
