// Jest Snapshot v1, https://goo.gl/fbAQLP

exports[`LineChart should render 1`] = `
.c4 {
  display: inline-block;
  position: relative;
}

.c0 .xAxis .tick line {
  opacity: 0;
}

.c0 .xAxis .tick:first-child text {
  text-anchor: start;
}

.c0 .xAxis .tick:last-child text {
  text-anchor: end;
}

.c0 .yAxis .tick line {
  stroke: #F0F0F0;
}

.c0 .context {
  opacity: 0;
  -webkit-transition: opacity 0.3s cubic-bezier(0.45,0.05,0,1);
  transition: opacity 0.3s cubic-bezier(0.45,0.05,0,1);
}

.c0 .context .brushX .overlay {
  fill: #4475E3;
  fill-opacity: 0.1;
  pointer-events: none;
  height: 0.25rem;
}

.c0 .context .brushX .selection {
  fill: #4475E3;
  fill-opacity: 1;
  height: 1.375rem;
  fill: url(#horizontalGradient);
}

.c0 .context .brushX .handle {
  stroke-width: 0.0625rem;
  stroke: #4475E3;
  stroke-opacity: 0.3;
  fill: #FFFFFF;
  height: 1.375rem;
  width: 0.375rem;
}

.c0 .context .brushY .overlay {
  fill: #4475E3;
  fill-opacity: 0.1;
  pointer-events: none;
  width: 0.25rem;
}

.c0 .context .brushY .selection {
  fill: #4475E3;
  fill-opacity: 1;
  width: 1.375rem;
  fill: url(#verticalGradient);
}

.c0 .context .brushY .handle {
  stroke-width: 0.0625rem;
  stroke: #4475E3;
  stroke-opacity: 0.3;
  fill: #FFFFFF;
  height: 0.375rem;
  width: 1.375rem;
}

.c0 .focus {
  cursor: move;
}

.c0 .line {
  -webkit-clip-path: url(#clip);
  clip-path: url(#clip);
  -webkit-transition: stroke-opacity 0.3s cubic-bezier(0.45,0.05,0,1);
  transition: stroke-opacity 0.3s cubic-bezier(0.45,0.05,0,1);
}

.c0 .area {
  -webkit-clip-path: url(#clip);
  clip-path: url(#clip);
  -webkit-transition: fill-opacity 0.3s cubic-bezier(0.45,0.05,0,1);
  transition: fill-opacity 0.3s cubic-bezier(0.45,0.05,0,1);
}

.c0 .dots {
  -webkit-clip-path: url(#clip);
  clip-path: url(#clip);
}

.c0 .dots .dot {
  -webkit-transition: fill-opacity 0.3s cubic-bezier(0.45,0.05,0,1);
  transition: fill-opacity 0.3s cubic-bezier(0.45,0.05,0,1);
}

.c2 > .tick > text {
  font-family: Inter,sans-serif;
  font-size: 0.625rem;
  line-height: 0.9375rem;
  font-weight: 400;
  font-style: normal;
}

.c3 > .tick > text {
  font-family: Inter,sans-serif;
  font-size: 0.625rem;
  line-height: 0.9375rem;
  font-weight: 400;
  font-style: normal;
}

.c1 .focus {
  cursor: default;
}

<body>
  <div>
    <div
      class=""
      height="1000"
      style="width: 62.5rem; height: 62.5rem; position: relative;"
      width="1000"
    >
      <svg
        class="c0 c1"
        viewBox="0, 0, 1000, 1000"
      >
        <g
          class="c2 xAxis"
          fill="none"
          font-family="sans-serif"
          font-size="10"
          text-anchor="middle"
          transform="translate(0, 978)"
        >
          <g
            class="tick"
            opacity="1"
            transform="translate(24.5,0)"
          >
            <line
              stroke="currentColor"
              y2="-973"
            />
            <text
              dy="0em"
              fill="currentColor"
              y="20"
            >
              MIDNIGHT
            </text>
          </g>
          <g
            class="tick"
            opacity="1"
            transform="translate(217.3,0)"
          >
            <line
              stroke="currentColor"
              y2="-973"
            />
            <text
              dy="0em"
              fill="currentColor"
              y="20"
            >
              MIDNIGHT
            </text>
          </g>
          <g
            class="tick"
            opacity="1"
            transform="translate(410.1,0)"
          >
            <line
              stroke="currentColor"
              y2="-973"
            />
            <text
              dy="0em"
              fill="currentColor"
              y="20"
            >
              MIDNIGHT
            </text>
          </g>
          <g
            class="tick"
            opacity="1"
            transform="translate(602.9,0)"
          >
            <line
              stroke="currentColor"
              y2="-973"
            />
            <text
              dy="0em"
              fill="currentColor"
              y="20"
            >
              MIDNIGHT
            </text>
          </g>
          <g
            class="tick"
            opacity="1"
            transform="translate(795.7,0)"
          >
            <line
              stroke="currentColor"
              y2="-973"
            />
            <text
              dy="0em"
              fill="currentColor"
              y="20"
            >
              MIDNIGHT
            </text>
          </g>
          <g
            class="tick"
            opacity="1"
            transform="translate(988.5,0)"
          >
            <line
              stroke="currentColor"
              y2="-973"
            />
            <text
              dy="0em"
              fill="currentColor"
              y="20"
            >
              MIDNIGHT
            </text>
          </g>
        </g>
        <g
          class="c3 yAxis"
          fill="none"
          font-family="sans-serif"
          font-size="10"
          text-anchor="start"
          transform="translate(24,0)"
        >
          <g
            class="tick"
            opacity="1"
            transform="translate(0,978.5)"
          >
            <line
              stroke="currentColor"
              x2="964"
            />
            <text
              dy="0.32em"
              fill="currentColor"
              x="-20"
            >
              0
            </text>
          </g>
          <g
            class="tick"
            opacity="1"
            transform="translate(0,735.25)"
          >
            <line
              stroke="currentColor"
              x2="964"
            />
            <text
              dy="0.32em"
              fill="currentColor"
              x="-20"
            >
              5
            </text>
          </g>
          <g
            class="tick"
            opacity="1"
            transform="translate(0,492)"
          >
            <line
              stroke="currentColor"
              x2="964"
            />
            <text
              dy="0.32em"
              fill="currentColor"
              x="-20"
            >
              10
            </text>
          </g>
          <g
            class="tick"
            opacity="1"
            transform="translate(0,248.75)"
          >
            <line
              stroke="currentColor"
              x2="964"
            />
            <text
              dy="0.32em"
              fill="currentColor"
              x="-20"
            >
              15
            </text>
          </g>
          <g
            class="tick"
            opacity="1"
            transform="translate(0,5.5)"
          >
            <line
              stroke="currentColor"
              x2="964"
            />
            <text
              dy="0.32em"
              fill="currentColor"
              x="-20"
            >
              20
            </text>
          </g>
        </g>
        <path
          class="line"
          d="M24,491.5L33.64,442.84999999999997"
          data-testid="line-test"
          fill="none"
          id="line-test"
          stroke="#4475E3"
          stroke-opacity="1"
          stroke-width="2"
        />
        <path
          class="area"
          d="M24,5L33.64,5L33.64,734.75L24,734.75Z"
          data-testid="area-test"
          fill="#4475E3"
          fill-opacity="0.1"
          id="area-test"
        />
        <g
          class="focus"
        >
          <rect
            fill="transparent"
            height="973"
            transform="translate(24, 5)"
            width="964"
          />
        </g>
        <g
          class="dots"
        >
          <circle
            class="dot"
            cursor="pointer"
            data-testid="dot-test-0"
            fill="#2D2D2D"
            fill-opacity="1"
            id="dot-test-0"
            pointer-events="all"
            r="4"
            transform="translate(24,491.5)"
          />
        </g>
      </svg>
      <span
        class="c4"
        data-testid="tooltip-container"
      />
    </div>
  </div>
</body>
`;
