// Jest Snapshot v1, https://goo.gl/fbAQLP

exports[`PieChart should render 1`] = `
.c2 {
  display: inline-block;
  position: relative;
}

.c0 {
  position: relative;
  display: -webkit-box;
  display: -webkit-flex;
  display: -ms-flexbox;
  display: flex;
  -webkit-box-pack: center;
  -webkit-justify-content: center;
  -ms-flex-pack: center;
  justify-content: center;
  -webkit-align-items: center;
  -webkit-box-align: center;
  -ms-flex-align: center;
  align-items: center;
}

.c1 {
  overflow: visible;
  width: 100%;
  height: 100%;
}

.c1 text {
  text-anchor: middle;
  font-family: Inter,sans-serif;
  font-size: 1.5rem;
  line-height: 2.0125rem;
  font-weight: 600;
  font-style: normal;
  fill: #FFFFFF;
  -webkit-transform: scale(0.1);
  -ms-transform: scale(0.1);
  transform: scale(0.1);
}

<body>
  <div>
    <div
      class="c0"
      style="width: 62.5rem; height: 62.5rem;"
    >
      <svg
        class="c1"
        viewBox="0 0 100 100"
      >
        <g
          transform="translate(50, 50)"
        >
          <path
            d="M3.061616997868383e-15,-50A50,50,0,1,1,-3.061616997868383e-15,50A50,50,0,1,1,3.061616997868383e-15,-50Z"
            data-testid="arc-shape-0"
            fill="#4475E3"
          />
          <g
            transform="translate(0)"
          >
            <text
              data-testid="pie-chart-shape-0"
              id="pie-chart-shape-0"
            >
              10%
            </text>
          </g>
        </g>
      </svg>
      <span
        class="c2"
        data-testid="tooltip-container"
      />
    </div>
  </div>
</body>
`;
