// Jest Snapshot v1, https://goo.gl/fbAQLP

exports[`CreateStudyScreen [NEGATIVE] should create study with partial data 1`] = `
.c19 {
  position: absolute;
  will-change: opacity,transform;
  border-radius: 50%;
  -webkit-animation: bykygw 600ms cubic-bezier(0.4,0,0.2,1) forwards;
  animation: bykygw 600ms cubic-bezier(0.4,0,0.2,1) forwards;
  z-index: 0;
  pointer-events: none;
}

.c17 {
  position: relative;
  display: -webkit-box !important;
  display: -webkit-flex !important;
  display: -ms-flexbox !important;
  display: flex !important;
  -webkit-align-items: center;
  -webkit-box-align: center;
  -ms-flex-align: center;
  align-items: center;
  -webkit-box-pack: center;
  -webkit-justify-content: center;
  -ms-flex-pack: center;
  justify-content: center;
  border-radius: 0.25rem;
  width: 100%;
  white-space: nowrap;
  padding: 0;
  overflow: hidden;
  -webkit-transition-duration: 400ms;
  transition-duration: 400ms;
  -webkit-transition-property: background-color;
  transition-property: background-color;
  height: 3rem;
  border: none;
  background-color: #4475E3;
}

.c17 > div {
  font-family: Inter,sans-serif;
  font-size: 1rem;
  line-height: 1.5rem;
  font-weight: 600;
  font-style: normal;
}

.c17 > div svg {
  margin-right: 0.25rem;
}

.c17 > div {
  color: #FFFFFF;
}

.c17 > div svg {
  fill: #FFFFFF;
}

.c17:hover:enabled {
  background-color: #2F65E0;
}

.c17:disabled {
  background-color: #B3C6F1;
}

.c17:focus-visible:enabled {
  border: 0.125rem solid #FFFFFF;
  background-color: #4475E3;
  outline: 0.125rem solid #C7D6F7;
}

.c18 {
  position: relative;
  z-index: 2;
  display: -webkit-box;
  display: -webkit-flex;
  display: -ms-flexbox;
  display: flex;
  -webkit-box-pack: center;
  -webkit-justify-content: center;
  -ms-flex-pack: center;
  justify-content: center;
  -webkit-align-items: center;
  -webkit-box-align: center;
  -ms-flex-align: center;
  align-items: center;
  -webkit-transform: translate3d(0,0,0.0625rem);
  -ms-transform: translate3d(0,0,0.0625rem);
  transform: translate3d(0,0,0.0625rem);
}

.c4 {
  display: -webkit-box;
  display: -webkit-flex;
  display: -ms-flexbox;
  display: flex;
  -webkit-flex-direction: column;
  -ms-flex-direction: column;
  flex-direction: column;
  gap: 0.5rem;
}

.c9 > svg {
  position: relative;
  bottom: 2.6875rem;
  left: calc(100% - 0.5rem);
}

.c8 {
  font-family: Inter,sans-serif;
  font-size: 1rem;
  line-height: 1.5rem;
  font-weight: 400;
  font-style: normal;
  color: #474747;
  box-sizing: border-box;
  height: 3.5rem;
  width: 100%;
  margin: 0;
  padding: 1rem;
  background-color: #F7F8FA;
  border: 0.0625rem solid #F7F8FA;
  border-radius: 0.25rem;
  -webkit-transition: border 300ms cubic-bezier(0.45,0.05,0,1);
  transition: border 300ms cubic-bezier(0.45,0.05,0,1);
  caret-color: #4475E3;
}

.c8:hover:enabled {
  border-color: #2F65E0;
}

.c8:active:enabled,
.c8:focus-visible {
  outline: none;
  border-color: #4475E3;
}

.c8:disabled {
  color: #DBDBDB;
  border-color: rgba(219,219,219,0.2);
  background-color: rgba(219,219,219,0.2);
}

.c8::-webkit-input-placeholder {
  color: #808080;
}

.c8::-moz-placeholder {
  color: #808080;
}

.c8:-ms-input-placeholder {
  color: #808080;
}

.c8::placeholder {
  color: #808080;
}

.c8:disabled::-webkit-input-placeholder {
  color: #DBDBDB;
}

.c8:disabled::-moz-placeholder {
  color: #DBDBDB;
}

.c8:disabled:-ms-input-placeholder {
  color: #DBDBDB;
}

.c8:disabled::placeholder {
  color: #DBDBDB;
}

.c8:-webkit-autofill,
.c8:-webkit-autofill:hover,
.c8:-webkit-autofill:focus {
  border: 0.0625rem solid #4475E3;
  -webkit-transition: background-color 5000s ease-in-out 0s;
  transition: background-color 5000s ease-in-out 0s;
  background-color: #F7F8FA !important;
  background-image: unset !important;
  -webkit-text-fill-color: #838383;
}

.c8:-webkit-autofill:focus {
  border-color: #4475E3;
}

.c6 {
  max-height: 3.5rem;
}

.c6:hover .c7:enabled {
  border-color: #2F65E0;
}

.c5 {
  font-family: Inter,sans-serif;
  font-size: 0.875rem;
  line-height: 1.3125rem;
  font-weight: 400;
  font-style: normal;
  color: #474747;
  gap: 0.5rem;
  height: 1.125rem;
}

.c10 {
  font-family: Inter,sans-serif;
  font-size: 0.875rem;
  line-height: 1.3125rem;
  font-weight: 400;
  font-style: normal;
  color: #D14343;
  padding-left: 1rem;
  height: 1.0625rem;
}

.c16 {
  border-radius: 1.5625rem;
  height: 3.875rem;
  -webkit-transition: opacity 300ms cubic-bezier(0.45,0.05,0,1);
  transition: opacity 300ms cubic-bezier(0.45,0.05,0,1);
  position: relative;
  background-color: transparent !important;
  opacity: 1;
}

.c16:hover {
  opacity: 1;
  box-shadow: 0 0.9375rem 1.25rem rgba(180,180,180,0.3);
  cursor: pointer;
}

.c16:hover:active {
  opacity: 1;
  box-shadow: 0 0.9375rem 1.25rem rgba(180,180,180,0.3);
  cursor: pointer;
  -webkit-filter: drop-shadow(0 0.9375rem 1.25rem rgba(180,180,180,0.3));
  filter: drop-shadow(0 0.9375rem 1.25rem rgba(180,180,180,0.3));
}

.c1 {
  color: #474747;
  min-width: 41.625rem;
  width: 55.556vw;
  min-height: 29.761875rem;
  height: 39.722539999999995vw;
  max-height: 90vh;
  display: -webkit-box;
  display: -webkit-flex;
  display: -ms-flexbox;
  display: flex;
  margin: auto;
  background-color: #FFFFFF;
  box-shadow: 0 0 0.125rem 0rem rgba(0,0,0,0.15);
  border-radius: 0.25rem;
  -webkit-flex-shrink: 0;
  -ms-flex-negative: 0;
  flex-shrink: 0;
}

.c0 {
  display: -webkit-box;
  display: -webkit-flex;
  display: -ms-flexbox;
  display: flex;
  height: 100%;
  width: 100%;
}

.c2 {
  height: 25.75rem;
  width: 28rem;
  margin: auto;
  display: -webkit-box;
  display: -webkit-flex;
  display: -ms-flexbox;
  display: flex;
  -webkit-flex-direction: column;
  -ms-flex-direction: column;
  flex-direction: column;
  -webkit-box-pack: justify;
  -webkit-justify-content: space-between;
  -ms-flex-pack: justify;
  justify-content: space-between;
}

.c3 {
  font-family: Inter,sans-serif;
  font-size: 2rem;
  line-height: 2.625rem;
  font-weight: 600;
  font-style: normal;
  margin: 0 auto 2.5rem;
}

.c11 {
  display: -webkit-box;
  display: -webkit-flex;
  display: -ms-flexbox;
  display: flex;
  -webkit-flex-direction: column;
  -ms-flex-direction: column;
  flex-direction: column;
  -webkit-box-pack: justify;
  -webkit-justify-content: space-between;
  -ms-flex-pack: justify;
  justify-content: space-between;
  -webkit-align-items: flex-start;
  -webkit-box-align: flex-start;
  -ms-flex-align: flex-start;
  align-items: flex-start;
  height: 7.9375rem;
  width: 100%;
  margin: 0.5rem 0 2.625rem;
}

.c12 {
  font-family: Inter,sans-serif;
  font-size: 0.875rem;
  line-height: 1.3125rem;
  font-weight: 400;
  font-style: normal;
  color: #474747;
  height: 2.625rem;
}

.c13 {
  font-family: Inter,sans-serif;
  font-size: 0.875rem;
  line-height: 1.3125rem;
  font-weight: 400;
  font-style: normal;
  color: #808080;
  line-height: 1.5625rem;
}

.c14 {
  position: relative;
  width: 100%;
  padding-top: 0.125rem;
  height: 4.5rem;
  display: -webkit-box;
  display: -webkit-flex;
  display: -ms-flexbox;
  display: flex;
  -webkit-box-pack: justify;
  -webkit-justify-content: space-between;
  -ms-flex-pack: justify;
  justify-content: space-between;
}

.c15 {
  width: 4.5rem;
  height: 4.5rem;
  display: -webkit-box;
  display: -webkit-flex;
  display: -ms-flexbox;
  display: flex;
  -webkit-box-pack: center;
  -webkit-justify-content: center;
  -ms-flex-pack: center;
  justify-content: center;
  -webkit-align-items: flex-start;
  -webkit-box-align: flex-start;
  -ms-flex-align: flex-start;
  align-items: flex-start;
  padding-top: 0.25rem;
}

@media (max-height:29.6875rem) {
  .c0 {
    overflow-y: scroll;
  }
}

@media (max-width:41.5625rem) {
  .c0 {
    overflow-x: scroll;
  }
}

<div
  class="c0"
  data-testid="create-study"
>
  <div
    class="c1"
    width="55.556"
  >
    <div
      class="c2"
    >
      <div
        class="c3"
      >
        Create a study
      </div>
      <div
        class="c4"
      >
        <div
          class="c5"
          data-testid="input-description"
        >
          Study Name
        </div>
        <div
          class="c6"
        >
          <input
            class="c7 c8"
            data-testid="create-study-name"
            placeholder="Name your study"
            tabindex="0"
            type="text"
            value=""
          />
          <div
            class="c9"
          />
        </div>
        <div
          class="c10"
          data-testid="input-error"
        >
          Â 
        </div>
      </div>
      <div
        class="c11"
      >
        <div
          class="c12"
        >
          Study Logo
          <div
            class="c13"
          >
            Select a logo to represent your study
          </div>
        </div>
        <div
          class="c14"
          tabindex="0"
        >
          <div
            class="c15"
          >
            <div
              class="c16"
              color="secondarySkyblue"
              data-testid="create-study-avatar"
            >
              <svg
                data-testid="avatar-icon"
                fill="#00B0D7"
              />
            </div>
          </div>
          <div
            class="c15"
          >
            <div
              class="c16"
              color="secondaryViolet"
              data-testid="create-study-avatar"
            >
              <svg
                data-testid="avatar-icon"
                fill="#944ED7"
              />
            </div>
          </div>
          <div
            class="c15"
          >
            <div
              class="c16"
              color="secondaryTangerine"
              data-testid="create-study-avatar"
            >
              <svg
                data-testid="avatar-icon"
                fill="#F39C18"
              />
            </div>
          </div>
          <div
            class="c15"
          >
            <div
              class="c16"
              color="secondaryGreen"
              data-testid="create-study-avatar"
            >
              <svg
                data-testid="avatar-icon"
                fill="#1AD598"
              />
            </div>
          </div>
          <div
            class="c15"
          >
            <div
              class="c16"
              color="secondaryRed"
              data-testid="create-study-avatar"
            >
              <svg
                data-testid="avatar-icon"
                fill="#FA5F4F"
              />
            </div>
          </div>
        </div>
      </div>
      <button
        class="c17"
        data-testid="create-study-send"
        disabled=""
        fill="solid"
        style="overflow: hidden; position: relative;"
      >
        <div
          class="c18"
          data-testid="content"
        >
          Create Study
        </div>
        <div
          class="c19"
          color="primaryPressed"
          opacity="1,1"
          scale="0"
          style="display: none; width: 0rem; height: 0rem; top: 0rem; left: 0rem;"
        />
      </button>
    </div>
  </div>
</div>
`;

exports[`CreateStudyScreen should create study 1`] = `
.c19 {
  position: absolute;
  will-change: opacity,transform;
  border-radius: 50%;
  -webkit-animation: bykygw 600ms cubic-bezier(0.4,0,0.2,1) forwards;
  animation: bykygw 600ms cubic-bezier(0.4,0,0.2,1) forwards;
  z-index: 0;
  pointer-events: none;
}

.c17 {
  position: relative;
  display: -webkit-box !important;
  display: -webkit-flex !important;
  display: -ms-flexbox !important;
  display: flex !important;
  -webkit-align-items: center;
  -webkit-box-align: center;
  -ms-flex-align: center;
  align-items: center;
  -webkit-box-pack: center;
  -webkit-justify-content: center;
  -ms-flex-pack: center;
  justify-content: center;
  border-radius: 0.25rem;
  width: 100%;
  white-space: nowrap;
  padding: 0;
  overflow: hidden;
  -webkit-transition-duration: 400ms;
  transition-duration: 400ms;
  -webkit-transition-property: background-color;
  transition-property: background-color;
  height: 3rem;
  border: none;
  background-color: #4475E3;
}

.c17 > div {
  font-family: Inter,sans-serif;
  font-size: 1rem;
  line-height: 1.5rem;
  font-weight: 600;
  font-style: normal;
}

.c17 > div svg {
  margin-right: 0.25rem;
}

.c17 > div {
  color: #FFFFFF;
}

.c17 > div svg {
  fill: #FFFFFF;
}

.c17:hover:enabled {
  background-color: #2F65E0;
}

.c17:disabled {
  background-color: #B3C6F1;
}

.c17:focus-visible:enabled {
  border: 0.125rem solid #FFFFFF;
  background-color: #4475E3;
  outline: 0.125rem solid #C7D6F7;
}

.c18 {
  position: relative;
  z-index: 2;
  display: -webkit-box;
  display: -webkit-flex;
  display: -ms-flexbox;
  display: flex;
  -webkit-box-pack: center;
  -webkit-justify-content: center;
  -ms-flex-pack: center;
  justify-content: center;
  -webkit-align-items: center;
  -webkit-box-align: center;
  -ms-flex-align: center;
  align-items: center;
  -webkit-transform: translate3d(0,0,0.0625rem);
  -ms-transform: translate3d(0,0,0.0625rem);
  transform: translate3d(0,0,0.0625rem);
}

.c4 {
  display: -webkit-box;
  display: -webkit-flex;
  display: -ms-flexbox;
  display: flex;
  -webkit-flex-direction: column;
  -ms-flex-direction: column;
  flex-direction: column;
  gap: 0.5rem;
}

.c9 > svg {
  position: relative;
  bottom: 2.6875rem;
  left: calc(100% - 0.5rem);
}

.c8 {
  font-family: Inter,sans-serif;
  font-size: 1rem;
  line-height: 1.5rem;
  font-weight: 400;
  font-style: normal;
  color: #474747;
  box-sizing: border-box;
  height: 3.5rem;
  width: 100%;
  margin: 0;
  padding: 1rem;
  background-color: #F7F8FA;
  border: 0.0625rem solid #F7F8FA;
  border-radius: 0.25rem;
  -webkit-transition: border 300ms cubic-bezier(0.45,0.05,0,1);
  transition: border 300ms cubic-bezier(0.45,0.05,0,1);
  caret-color: #4475E3;
}

.c8:hover:enabled {
  border-color: #2F65E0;
}

.c8:active:enabled,
.c8:focus-visible {
  outline: none;
  border-color: #4475E3;
}

.c8:disabled {
  color: #DBDBDB;
  border-color: rgba(219,219,219,0.2);
  background-color: rgba(219,219,219,0.2);
}

.c8::-webkit-input-placeholder {
  color: #808080;
}

.c8::-moz-placeholder {
  color: #808080;
}

.c8:-ms-input-placeholder {
  color: #808080;
}

.c8::placeholder {
  color: #808080;
}

.c8:disabled::-webkit-input-placeholder {
  color: #DBDBDB;
}

.c8:disabled::-moz-placeholder {
  color: #DBDBDB;
}

.c8:disabled:-ms-input-placeholder {
  color: #DBDBDB;
}

.c8:disabled::placeholder {
  color: #DBDBDB;
}

.c8:-webkit-autofill,
.c8:-webkit-autofill:hover,
.c8:-webkit-autofill:focus {
  border: 0.0625rem solid #4475E3;
  -webkit-transition: background-color 5000s ease-in-out 0s;
  transition: background-color 5000s ease-in-out 0s;
  background-color: #F7F8FA !important;
  background-image: unset !important;
  -webkit-text-fill-color: #838383;
}

.c8:-webkit-autofill:focus {
  border-color: #4475E3;
}

.c6 {
  max-height: 3.5rem;
}

.c6:hover .c7:enabled {
  border-color: #2F65E0;
}

.c5 {
  font-family: Inter,sans-serif;
  font-size: 0.875rem;
  line-height: 1.3125rem;
  font-weight: 400;
  font-style: normal;
  color: #474747;
  gap: 0.5rem;
  height: 1.125rem;
}

.c10 {
  font-family: Inter,sans-serif;
  font-size: 0.875rem;
  line-height: 1.3125rem;
  font-weight: 400;
  font-style: normal;
  color: #D14343;
  padding-left: 1rem;
  height: 1.0625rem;
}

.c16 {
  border-radius: 1.5625rem;
  height: 3.875rem;
  -webkit-transition: opacity 300ms cubic-bezier(0.45,0.05,0,1);
  transition: opacity 300ms cubic-bezier(0.45,0.05,0,1);
  position: relative;
  background-color: transparent !important;
  opacity: 1;
}

.c16:hover {
  opacity: 1;
  box-shadow: 0 0.9375rem 1.25rem rgba(180,180,180,0.3);
  cursor: pointer;
}

.c16:hover:active {
  opacity: 1;
  box-shadow: 0 0.9375rem 1.25rem rgba(180,180,180,0.3);
  cursor: pointer;
  -webkit-filter: drop-shadow(0 0.9375rem 1.25rem rgba(180,180,180,0.3));
  filter: drop-shadow(0 0.9375rem 1.25rem rgba(180,180,180,0.3));
}

.c1 {
  color: #474747;
  min-width: 41.625rem;
  width: 55.556vw;
  min-height: 29.761875rem;
  height: 39.722539999999995vw;
  max-height: 90vh;
  display: -webkit-box;
  display: -webkit-flex;
  display: -ms-flexbox;
  display: flex;
  margin: auto;
  background-color: #FFFFFF;
  box-shadow: 0 0 0.125rem 0rem rgba(0,0,0,0.15);
  border-radius: 0.25rem;
  -webkit-flex-shrink: 0;
  -ms-flex-negative: 0;
  flex-shrink: 0;
}

.c0 {
  display: -webkit-box;
  display: -webkit-flex;
  display: -ms-flexbox;
  display: flex;
  height: 100%;
  width: 100%;
}

.c2 {
  height: 25.75rem;
  width: 28rem;
  margin: auto;
  display: -webkit-box;
  display: -webkit-flex;
  display: -ms-flexbox;
  display: flex;
  -webkit-flex-direction: column;
  -ms-flex-direction: column;
  flex-direction: column;
  -webkit-box-pack: justify;
  -webkit-justify-content: space-between;
  -ms-flex-pack: justify;
  justify-content: space-between;
}

.c3 {
  font-family: Inter,sans-serif;
  font-size: 2rem;
  line-height: 2.625rem;
  font-weight: 600;
  font-style: normal;
  margin: 0 auto 2.5rem;
}

.c11 {
  display: -webkit-box;
  display: -webkit-flex;
  display: -ms-flexbox;
  display: flex;
  -webkit-flex-direction: column;
  -ms-flex-direction: column;
  flex-direction: column;
  -webkit-box-pack: justify;
  -webkit-justify-content: space-between;
  -ms-flex-pack: justify;
  justify-content: space-between;
  -webkit-align-items: flex-start;
  -webkit-box-align: flex-start;
  -ms-flex-align: flex-start;
  align-items: flex-start;
  height: 7.9375rem;
  width: 100%;
  margin: 0.5rem 0 2.625rem;
}

.c12 {
  font-family: Inter,sans-serif;
  font-size: 0.875rem;
  line-height: 1.3125rem;
  font-weight: 400;
  font-style: normal;
  color: #474747;
  height: 2.625rem;
}

.c13 {
  font-family: Inter,sans-serif;
  font-size: 0.875rem;
  line-height: 1.3125rem;
  font-weight: 400;
  font-style: normal;
  color: #808080;
  line-height: 1.5625rem;
}

.c14 {
  position: relative;
  width: 100%;
  padding-top: 0.125rem;
  height: 4.5rem;
  display: -webkit-box;
  display: -webkit-flex;
  display: -ms-flexbox;
  display: flex;
  -webkit-box-pack: justify;
  -webkit-justify-content: space-between;
  -ms-flex-pack: justify;
  justify-content: space-between;
}

.c15 {
  width: 4.5rem;
  height: 4.5rem;
  display: -webkit-box;
  display: -webkit-flex;
  display: -ms-flexbox;
  display: flex;
  -webkit-box-pack: center;
  -webkit-justify-content: center;
  -ms-flex-pack: center;
  justify-content: center;
  -webkit-align-items: flex-start;
  -webkit-box-align: flex-start;
  -ms-flex-align: flex-start;
  align-items: flex-start;
  padding-top: 0.25rem;
}

@media (max-height:29.6875rem) {
  .c0 {
    overflow-y: scroll;
  }
}

@media (max-width:41.5625rem) {
  .c0 {
    overflow-x: scroll;
  }
}

<div
  class="c0"
  data-testid="create-study"
>
  <div
    class="c1"
    width="55.556"
  >
    <div
      class="c2"
    >
      <div
        class="c3"
      >
        Create a study
      </div>
      <div
        class="c4"
      >
        <div
          class="c5"
          data-testid="input-description"
        >
          Study Name
        </div>
        <div
          class="c6"
        >
          <input
            class="c7 c8"
            data-testid="create-study-name"
            placeholder="Name your study"
            tabindex="0"
            type="text"
            value=""
          />
          <div
            class="c9"
          />
        </div>
        <div
          class="c10"
          data-testid="input-error"
        >
          Â 
        </div>
      </div>
      <div
        class="c11"
      >
        <div
          class="c12"
        >
          Study Logo
          <div
            class="c13"
          >
            Select a logo to represent your study
          </div>
        </div>
        <div
          class="c14"
          tabindex="0"
        >
          <div
            class="c15"
          >
            <div
              class="c16"
              color="secondarySkyblue"
              data-testid="create-study-avatar"
            >
              <svg
                data-testid="avatar-icon"
                fill="#00B0D7"
              />
            </div>
          </div>
          <div
            class="c15"
          >
            <div
              class="c16"
              color="secondaryViolet"
              data-testid="create-study-avatar"
            >
              <svg
                data-testid="avatar-icon"
                fill="#944ED7"
              />
            </div>
          </div>
          <div
            class="c15"
          >
            <div
              class="c16"
              color="secondaryTangerine"
              data-testid="create-study-avatar"
            >
              <svg
                data-testid="avatar-icon"
                fill="#F39C18"
              />
            </div>
          </div>
          <div
            class="c15"
          >
            <div
              class="c16"
              color="secondaryGreen"
              data-testid="create-study-avatar"
            >
              <svg
                data-testid="avatar-icon"
                fill="#1AD598"
              />
            </div>
          </div>
          <div
            class="c15"
          >
            <div
              class="c16"
              color="secondaryRed"
              data-testid="create-study-avatar"
            >
              <svg
                data-testid="avatar-icon"
                fill="#FA5F4F"
              />
            </div>
          </div>
        </div>
      </div>
      <button
        class="c17"
        data-testid="create-study-send"
        disabled=""
        fill="solid"
        style="overflow: hidden; position: relative;"
      >
        <div
          class="c18"
          data-testid="content"
        >
          Create Study
        </div>
        <div
          class="c19"
          color="primaryPressed"
          opacity="1,1"
          scale="0"
          style="display: none; width: 0rem; height: 0rem; top: 0rem; left: 0rem;"
        />
      </button>
    </div>
  </div>
</div>
`;
