// Jest Snapshot v1, https://goo.gl/fbAQLP

exports[`ScreenCentredCard should render 1`] = `
.c0 {
  color: #474747;
  min-width: 62.5rem;
  width: 900vw;
  min-height: 56.25rem;
  height: 810vw;
  max-height: 90vh;
  display: -webkit-box;
  display: -webkit-flex;
  display: -ms-flexbox;
  display: flex;
  margin: auto;
  background-color: #FFFFFF;
  box-shadow: 0 0 0.125rem 0rem rgba(0,0,0,0.15);
  border-radius: 0.25rem;
  -webkit-flex-shrink: 0;
  -ms-flex-negative: 0;
  flex-shrink: 0;
}

<body>
  <div>
    <div
      class="c0"
      width="900"
    >
      <div>
        test
      </div>
    </div>
  </div>
</body>
`;
