// Jest Snapshot v1, https://goo.gl/fbAQLP

exports[`ranking-selection renderEditorContent should render editor content 1`] = `
.c4 {
  width: 1.5rem;
  height: 1.5rem;
  font-family: Inter,sans-serif;
  font-size: 0.625rem;
  line-height: 0.9375rem;
  font-weight: 600;
  font-style: normal;
  color: #4475E3;
  background-color: #F6F8FE;
  border-radius: 50%;
  display: -webkit-box;
  display: -webkit-flex;
  display: -ms-flexbox;
  display: flex;
  -webkit-box-pack: center;
  -webkit-justify-content: center;
  -ms-flex-pack: center;
  justify-content: center;
  -webkit-align-items: center;
  -webkit-box-align: center;
  -ms-flex-align: center;
  align-items: center;
}

.c13 {
  position: absolute;
  will-change: opacity,transform;
  border-radius: 50%;
  -webkit-animation: bykygw 600ms cubic-bezier(0.4,0,0.2,1) forwards;
  animation: bykygw 600ms cubic-bezier(0.4,0,0.2,1) forwards;
  z-index: 0;
  background-color: #E3EAFB;
  pointer-events: none;
}

.c10 {
  position: relative;
  z-index: 0;
  display: -webkit-box !important;
  display: -webkit-flex !important;
  display: -ms-flexbox !important;
  display: flex !important;
  -webkit-align-items: center;
  -webkit-box-align: center;
  -ms-flex-align: center;
  align-items: center;
  -webkit-box-pack: center;
  -webkit-justify-content: center;
  -ms-flex-pack: center;
  justify-content: center;
  border-radius: 0.25rem;
  width: 100%;
  white-space: nowrap;
  padding: 0;
  overflow: hidden;
  -webkit-transition-duration: 0;
  transition-duration: 0;
  -webkit-transition-property: background-color;
  transition-property: background-color;
  height: 1.5rem;
  width: 1.5rem;
  border: none;
  background-color: transparent;
}

.c10:hover {
  cursor: pointer;
}

.c10 > div {
  color: #4475E3;
}

.c10 > div svg {
  fill: #4475E3;
}

.c10:hover:enabled > div {
  color: #2F65E0;
}

.c10:hover:enabled > div svg {
  fill: #2F65E0;
}

.c10:hover:enabled:active > div {
  color: #2057D5;
}

.c10:hover:enabled:active > div svg {
  fill: #2057D5;
}

.c10:disabled > div {
  color: #B3C6F1;
}

.c10:disabled > div svg {
  fill: #B3C6F1;
}

.c10:focus-visible {
  outline: 0.125rem solid #C7D6F7;
}

.c10:focus-visible > div {
  color: #4475E3;
}

.c10:focus-visible > div svg {
  fill: #4475E3;
}

.c10:hover:enabled {
  background-color: #ECF1FC;
}

.c10:hover:enabled:active > div {
  color: #2057D5;
}

.c10:hover:enabled:active > div svg {
  fill: #2057D5;
}

.c10:focus-visible:enabled {
  background-color: #C7D6F7;
  outline: none;
}

.c12 {
  position: relative;
  z-index: 2;
  display: -webkit-box;
  display: -webkit-flex;
  display: -ms-flexbox;
  display: flex;
  -webkit-box-pack: center;
  -webkit-justify-content: center;
  -ms-flex-pack: center;
  justify-content: center;
  -webkit-align-items: center;
  -webkit-box-align: center;
  -ms-flex-align: center;
  align-items: center;
  -webkit-transform: translate3d(0,0,0.0625rem);
  -ms-transform: translate3d(0,0,0.0625rem);
  transform: translate3d(0,0,0.0625rem);
}

.c5 {
  -webkit-scrollbar-width: thin;
  -moz-scrollbar-width: thin;
  -ms-scrollbar-width: thin;
  scrollbar-width: thin;
  -webkit-scrollbar-color: #C7D6F7 #FFFFFF;
  -moz-scrollbar-color: #C7D6F7 #FFFFFF;
  -ms-scrollbar-color: #C7D6F7 #FFFFFF;
  scrollbar-color: #C7D6F7 #FFFFFF;
}

.c5::-webkit-scrollbar {
  width: 1.25rem;
  height: 1.25rem;
}

.c5::-webkit-scrollbar-track {
  background: #FFFFFF;
  border-radius: 0.25rem;
  margin: 0.0625rem 0;
}

.c5::-webkit-scrollbar-thumb {
  background-color: #C7D6F7;
  border-radius: 0.625rem;
  border: 0.5rem solid #FFFFFF;
  width: 0.25rem;
  min-height: 1.25rem;
}

.c6 {
  resize: none;
  -webkit-appearance: none;
  -moz-appearance: none;
  appearance: none;
  box-sizing: border-box;
  outline: none;
  width: 100%;
  padding: 0;
  margin: 0;
  border: none;
  background: transparent;
  overflow-y: hidden;
  caret-color: #4475E3;
  overflow-x: hidden;
  resize: none;
  font-family: Inter,sans-serif;
  font-size: 0.875rem;
  line-height: 1.3125rem;
  font-weight: 400;
  font-style: normal;
  color: #808080;
  min-height: 1.5rem;
}

.c0 {
  display: -webkit-box;
  display: -webkit-flex;
  display: -ms-flexbox;
  display: flex;
  -webkit-flex-direction: column;
  -ms-flex-direction: column;
  flex-direction: column;
  -webkit-align-items: stretch;
  -webkit-box-align: stretch;
  -ms-flex-align: stretch;
  align-items: stretch;
  position: relative;
}

.c3 {
  width: 2.5rem;
  height: 2.5rem;
  display: -webkit-box;
  display: -webkit-flex;
  display: -ms-flexbox;
  display: flex;
  -webkit-align-items: center;
  -webkit-box-align: center;
  -ms-flex-align: center;
  align-items: center;
  -webkit-box-pack: center;
  -webkit-justify-content: center;
  -ms-flex-pack: center;
  justify-content: center;
}

.c7 {
  margin: 0.5625rem 0 0.4375rem !important;
  color: #474747;
}

.c7::-webkit-input-placeholder {
  color: #A1A1A1;
}

.c7::-moz-placeholder {
  color: #A1A1A1;
}

.c7:-ms-input-placeholder {
  color: #A1A1A1;
}

.c7::placeholder {
  color: #A1A1A1;
}

.c9 {
  height: 2.5rem;
  display: grid;
  -webkit-align-items: center;
  -webkit-box-align: center;
  -ms-flex-align: center;
  align-items: center;
  gap: 0.5rem;
  grid-template-columns: repeat(2,1.5rem);
}

.c11 {
  visibility: hidden;
}

.c14 {
  cursor: move !important;
}

.c1 {
  min-height: 2.5rem;
  height: 2.5rem;
  border-radius: 0.25rem;
  display: grid;
  margin: 0.25rem 0;
  gap: 0.25rem;
  -webkit-align-items: flex-start;
  -webkit-box-align: flex-start;
  -ms-flex-align: flex-start;
  align-items: flex-start;
  background-color: #FFFFFF;
}

.c2 {
  grid-template-columns: 2.5rem 1fr 4.5rem;
  opacity: 1;
  height: -webkit-fit-content;
  height: -moz-fit-content;
  height: fit-content;
}

.c2 .c8 {
  opacity: 0;
  -webkit-transition: opacity 300ms cubic-bezier(0.45,0.05,0,1);
  transition: opacity 300ms cubic-bezier(0.45,0.05,0,1);
}

.c2:hover {
  background-color: #F7F8FA;
}

.c2:hover .c8 {
  opacity: 1;
}

.c15 {
  grid-template-columns: 2.5rem 1fr;
}

<body>
  <div>
    <div
      class="c0"
    >
      <div
        class="c1 c2"
      >
        <div
          class="c3"
        >
          <div
            class="c4"
            type="default"
          >
            1
          </div>
        </div>
        <textarea
          class=" c5 c6 c7"
          maxlength="256"
          placeholder="Enter option"
          rows="1"
          style="overflow-y: hidden; height: 0rem;"
        >
          Label1
        </textarea>
        <div
          class="c8 c9"
        >
          <button
            aria-label="Delete Option"
            class="c10 c11"
            data-testid="delete-option-button"
            fill="text"
            style="overflow: hidden; position: relative;"
          >
            <div
              class="c12"
              data-testid="content"
            >
              <svg />
            </div>
            <div
              class="c13"
              color="primaryLightPressed"
              opacity="1,1"
              scale="0"
              style="display: none; width: 0rem; height: 0rem; top: 0rem; left: 0rem;"
            />
          </button>
          <button
            aria-label="Drag and Drop Question"
            class="c10 c14"
            fill="text"
            style="overflow: hidden; position: relative;"
          >
            <div
              class="c12"
              data-testid="content"
            >
              <svg />
            </div>
            <div
              class="c13"
              color="primaryLightPressed"
              opacity="1,1"
              scale="0"
              style="display: none; width: 0rem; height: 0rem; top: 0rem; left: 0rem;"
            />
          </button>
        </div>
      </div>
      <div
        class="c1 c2"
      >
        <div
          class="c3"
        >
          <div
            class="c4"
            type="default"
          >
            2
          </div>
        </div>
        <textarea
          class=" c5 c6 c7"
          maxlength="256"
          placeholder="Enter option"
          rows="1"
          style="overflow-y: hidden; height: 0rem;"
        >
          Label2
        </textarea>
        <div
          class="c8 c9"
        >
          <button
            aria-label="Delete Option"
            class="c10 c11"
            data-testid="delete-option-button"
            fill="text"
            style="overflow: hidden; position: relative;"
          >
            <div
              class="c12"
              data-testid="content"
            >
              <svg />
            </div>
            <div
              class="c13"
              color="primaryLightPressed"
              opacity="1,1"
              scale="0"
              style="display: none; width: 0rem; height: 0rem; top: 0rem; left: 0rem;"
            />
          </button>
          <button
            aria-label="Drag and Drop Question"
            class="c10 c14"
            fill="text"
            style="overflow: hidden; position: relative;"
          >
            <div
              class="c12"
              data-testid="content"
            >
              <svg />
            </div>
            <div
              class="c13"
              color="primaryLightPressed"
              opacity="1,1"
              scale="0"
              style="display: none; width: 0rem; height: 0rem; top: 0rem; left: 0rem;"
            />
          </button>
        </div>
      </div>
    </div>
    <div
      class="c1 c15"
    >
      <div
        class="c3"
      >
        <div
          class="c4"
          type="default"
        >
          3
        </div>
      </div>
      <textarea
        class=" c5 c6 c7"
        data-testid="question-card-add-option"
        placeholder="Add option"
        rows="1"
        style="overflow-y: hidden; height: 0rem;"
      />
    </div>
  </div>
</body>
`;

exports[`ranking-selection renderPreviewContent should render preview content 1`] = `
.c1 {
  display: -webkit-box;
  display: -webkit-flex;
  display: -ms-flexbox;
  display: flex;
  -webkit-flex-direction: column;
  -ms-flex-direction: column;
  flex-direction: column;
  -webkit-align-items: stretch;
  -webkit-box-align: stretch;
  -ms-flex-align: stretch;
  align-items: stretch;
  position: relative;
}

.c0 {
  position: relative;
  display: -webkit-box;
  display: -webkit-flex;
  display: -ms-flexbox;
  display: flex;
  -webkit-flex-direction: column;
  -ms-flex-direction: column;
  flex-direction: column;
  -webkit-box-pack: start;
  -webkit-justify-content: flex-start;
  -ms-flex-pack: start;
  justify-content: flex-start;
  -webkit-align-items: stretch;
  -webkit-box-align: stretch;
  -ms-flex-align: stretch;
  align-items: stretch;
  margin-bottom: auto;
}

.c5 {
  width: 2.5rem;
  height: 2.5rem;
  display: -webkit-box;
  display: -webkit-flex;
  display: -ms-flexbox;
  display: flex;
  -webkit-align-items: center;
  -webkit-box-align: center;
  -ms-flex-align: center;
  align-items: center;
  -webkit-box-pack: center;
  -webkit-justify-content: center;
  -ms-flex-pack: center;
  justify-content: center;
}

.c3 {
  width: 19.5rem;
  height: 3.5rem;
  display: -webkit-box;
  display: -webkit-flex;
  display: -ms-flexbox;
  display: flex;
  -webkit-box-pack: justify;
  -webkit-justify-content: space-between;
  -ms-flex-pack: justify;
  justify-content: space-between;
  -webkit-align-items: center;
  -webkit-box-align: center;
  -ms-flex-align: center;
  align-items: center;
  -webkit-flex: 1;
  -ms-flex: 1;
  flex: 1;
  padding: 0 1rem;
  cursor: move;
}

.c4 {
  white-space: nowrap;
  width: 14.583333333333334rem;
  overflow-x: hidden;
  text-overflow: ellipsis;
}

.c2 {
  min-height: 3.5rem;
  height: 3.5rem;
  display: -webkit-box;
  display: -webkit-flex;
  display: -ms-flexbox;
  display: flex;
  -webkit-box-pack: stretch;
  -webkit-justify-content: stretch;
  -ms-flex-pack: stretch;
  justify-content: stretch;
  -webkit-align-items: center;
  -webkit-box-align: center;
  -ms-flex-align: center;
  align-items: center;
  opacity: 1;
  background-color: #FFFFFF;
  -webkit-flex: 1;
  -ms-flex: 1;
  flex: 1;
  box-sizing: content-box;
  border-bottom: 0.0625rem solid #DBDBDB;
}

<body>
  <div>
    <div
      class="c0"
    >
      <div
        class="c1"
        data-id="rank_draggable_list"
      >
        <div
          class="c2"
        >
          <div
            class="c3"
          >
            <div
              class="c4"
            >
              Label1
            </div>
            <div
              class="c5"
            >
              <svg />
            </div>
          </div>
        </div>
        <div
          class="c2"
        >
          <div
            class="c3"
          >
            <div
              class="c4"
            >
              Label2
            </div>
            <div
              class="c5"
            >
              <svg />
            </div>
          </div>
        </div>
      </div>
    </div>
  </div>
</body>
`;
