// Jest Snapshot v1, https://goo.gl/fbAQLP

exports[`TaskCompliance should render 1`] = `
.c18 {
  display: inline-block;
  position: relative;
}

.c17 {
  width: 4.5rem;
  min-width: 4.5rem;
  overflow: hidden;
  text-overflow: ellipsis;
  text-align: right;
}

.c19 {
  width: 3.25rem;
  min-width: 3.25rem;
}

.c16 {
  font-family: Inter,sans-serif;
  font-size: 0.875rem;
  line-height: 1.3125rem;
  font-weight: 400;
  font-style: normal;
  height: 100%;
  display: -webkit-box;
  display: -webkit-flex;
  display: -ms-flexbox;
  display: flex;
  -webkit-box-pack: end;
  -webkit-justify-content: flex-end;
  -ms-flex-pack: end;
  justify-content: flex-end;
  -webkit-align-items: center;
  -webkit-box-align: center;
  -ms-flex-align: center;
  align-items: center;
  -webkit-column-gap: 0.75rem;
  column-gap: 0.75rem;
}

.c15 {
  overflow: hidden;
  white-space: nowrap;
  text-overflow: ellipsis;
  max-width: 100%;
}

.c20 {
  font-family: Inter,sans-serif;
  font-size: 0.75rem;
  line-height: 1.125rem;
  font-weight: 400;
  font-style: normal;
  color: #808080;
}

.c14 {
  font-family: Inter,sans-serif;
  font-size: 0.875rem;
  line-height: 1.3125rem;
  font-weight: 600;
  font-style: normal;
  -webkit-column-gap: 0.75rem;
  column-gap: 0.75rem;
  width: 100%;
  max-height: 1.3125rem;
  height: 1.3125rem;
  display: -webkit-box;
  display: -webkit-flex;
  display: -ms-flexbox;
  display: flex;
  -webkit-box-pack: justify;
  -webkit-justify-content: space-between;
  -ms-flex-pack: justify;
  justify-content: space-between;
  -webkit-align-items: center;
  -webkit-box-align: center;
  -ms-flex-align: center;
  align-items: center;
}

.c13 {
  width: 100%;
  max-width: 100%;
  max-height: 2.4375rem;
  height: -webkit-fit-content;
  height: -moz-fit-content;
  height: fit-content;
  display: -webkit-box;
  display: -webkit-flex;
  display: -ms-flexbox;
  display: flex;
  -webkit-flex-direction: column;
  -ms-flex-direction: column;
  flex-direction: column;
  text-transform: capitalize;
}

.c11 {
  display: -webkit-box;
  display: -webkit-flex;
  display: -ms-flexbox;
  display: flex;
  -webkit-box-pack: justify;
  -webkit-justify-content: space-between;
  -ms-flex-pack: justify;
  justify-content: space-between;
  -webkit-align-items: center;
  -webkit-box-align: center;
  -ms-flex-align: center;
  align-items: center;
  -webkit-column-gap: 0.5rem;
  column-gap: 0.5rem;
  max-width: 100%;
  -webkit-flex-shrink: 0;
  -ms-flex-negative: 0;
  flex-shrink: 0;
  overflow-x: hidden;
}

.c12 {
  width: 100%;
  max-width: 100%;
  max-height: 3.6875rem;
  height: -webkit-fit-content;
  height: -moz-fit-content;
  height: fit-content;
  display: -webkit-box;
  display: -webkit-flex;
  display: -ms-flexbox;
  display: flex;
  -webkit-flex-direction: column;
  -ms-flex-direction: column;
  flex-direction: column;
  row-gap: 1rem;
  margin-bottom: 0.5rem;
}

.c21 {
  width: 100%;
  height: 0.25rem;
  border-radius: 3.125rem;
  background-color: #ECF1FC;
  position: relative;
}

.c22 {
  height: 0.25rem;
  right: 0;
  border-radius: 3.125rem;
  background-color: #944ED7;
  position: relative;
}

.c23 {
  height: 0.25rem;
  right: 0;
  border-radius: 3.125rem;
  background-color: #F39C18;
  position: relative;
}

.c0 {
  display: -webkit-box;
  display: -webkit-flex;
  display: -ms-flexbox;
  display: flex;
  -webkit-flex-direction: column;
  -ms-flex-direction: column;
  flex-direction: column;
  background-color: #FFFFFF;
  box-shadow: 0 0 0.125rem 0rem rgba(0,0,0,0.15);
  border-radius: 0.25rem;
  box-sizing: border-box;
  padding: 1.5rem 1.5rem 1rem;
  overflow: visible;
  position: relative;
}

.c0 > * {
  min-width: 0;
  min-height: 0;
  overflow: visible;
}

.c8 {
  -webkit-transition: opacity 0.3s cubic-bezier(0.45,0.05,0,1);
  transition: opacity 0.3s cubic-bezier(0.45,0.05,0,1);
  opacity: 1;
  -webkit-flex: 1;
  -ms-flex: 1;
  flex: 1;
  position: relative;
  display: -webkit-box;
  display: -webkit-flex;
  display: -ms-flexbox;
  display: flex;
  -webkit-flex-direction: column;
  -ms-flex-direction: column;
  flex-direction: column;
}

.c2 {
  display: -webkit-box;
  display: -webkit-flex;
  display: -ms-flexbox;
  display: flex;
  -webkit-flex-direction: column;
  -ms-flex-direction: column;
  flex-direction: column;
  width: 100%;
}

.c4 {
  display: -webkit-box;
  display: -webkit-flex;
  display: -ms-flexbox;
  display: flex;
  -webkit-box-pack: justify;
  -webkit-justify-content: space-between;
  -ms-flex-pack: justify;
  justify-content: space-between;
  height: 2.6875rem;
}

.c5 {
  font-family: Inter,sans-serif;
  font-size: 1rem;
  line-height: 1.3125rem;
  font-weight: 600;
  font-style: normal;
  color: #474747;
  display: inline-block;
  margin: 0;
}

.c6 {
  display: -webkit-box;
  display: -webkit-flex;
  display: -ms-flexbox;
  display: flex;
  overflow: visible;
  position: relative;
}

.c1 {
  height: 33rem;
  min-height: 33rem;
  color: #474747 !important;
}

.c1 .c3 {
  height: 1.5rem;
  margin-bottom: 2.8125rem;
}

.c7 {
  width: -webkit-fit-content;
  width: -moz-fit-content;
  width: fit-content;
  display: -webkit-box;
  display: -webkit-flex;
  display: -ms-flexbox;
  display: flex;
  -webkit-box-pack: justify;
  -webkit-justify-content: space-between;
  -ms-flex-pack: justify;
  justify-content: space-between;
  -webkit-align-items: center;
  -webkit-box-align: center;
  -ms-flex-align: center;
  align-items: center;
  background-color: transparent;
  border: none;
  cursor: pointer;
}

.c7:disabled {
  cursor: default;
}

.c7:disabled svg path {
  fill: #DBDBDB;
}

.c9 {
  width: 100%;
  max-height: 22.4375rem;
  height: 22.4375rem;
  overflow-y: auto;
  display: -webkit-box;
  display: -webkit-flex;
  display: -ms-flexbox;
  display: flex;
  -webkit-flex-direction: column;
  -ms-flex-direction: column;
  flex-direction: column;
  row-gap: 0.5rem;
}

.c10 {
  -webkit-scrollbar-width: thin;
  -moz-scrollbar-width: thin;
  -ms-scrollbar-width: thin;
  scrollbar-width: thin;
  -webkit-scrollbar-color: #4475E3 #FFFFFF;
  -moz-scrollbar-color: #4475E3 #FFFFFF;
  -ms-scrollbar-color: #4475E3 #FFFFFF;
  scrollbar-color: #4475E3 #FFFFFF;
}

.c10::-webkit-scrollbar {
  width: 0.25rem;
  height: 0.25rem;
}

.c10::-webkit-scrollbar-track {
  background: #FFFFFF;
  border-radius: 0.25rem;
  margin: 0.0625rem 0;
}

.c10::-webkit-scrollbar-thumb {
  background-color: #4475E3;
  border-radius: 0.625rem;
  border: 0rem solid #FFFFFF;
  width: 0.25rem;
  min-height: 0.25rem;
}

.c24 {
  width: 100%;
  height: 1.5rem;
  display: -webkit-box;
  display: -webkit-flex;
  display: -ms-flexbox;
  display: flex;
  -webkit-box-pack: start;
  -webkit-justify-content: flex-start;
  -ms-flex-pack: start;
  justify-content: flex-start;
  -webkit-align-items: center;
  -webkit-box-align: center;
  -ms-flex-align: center;
  align-items: center;
  -webkit-column-gap: 1.125rem;
  column-gap: 1.125rem;
  margin-top: 2.25rem;
}

.c25 {
  font-family: Inter,sans-serif;
  font-size: 0.875rem;
  line-height: 1.3125rem;
  font-weight: 400;
  font-style: normal;
  width: -webkit-fit-content;
  width: -moz-fit-content;
  width: fit-content;
  height: 100%;
  display: -webkit-box;
  display: -webkit-flex;
  display: -ms-flexbox;
  display: flex;
  -webkit-box-pack: start;
  -webkit-justify-content: flex-start;
  -ms-flex-pack: start;
  justify-content: flex-start;
  -webkit-align-items: center;
  -webkit-box-align: center;
  -ms-flex-align: center;
  align-items: center;
  padding: 0.125rem;
  line-height: 1.3125rem;
}

.c26 {
  width: 1.25rem;
  height: 1.25rem;
  background-color: #F39C18;
  border-radius: 50%;
  margin-right: 0.625rem;
}

.c27 {
  width: 1.25rem;
  height: 1.25rem;
  background-color: #944ED7;
  border-radius: 50%;
  margin-right: 0.625rem;
}

<body>
  <div>
    <div
      class="c0 c1"
    >
      <div
        class="c2"
      >
        <div
          class="c3 c4"
        >
          <p
            class="c5"
            data-testid="title"
          >
            Task compliance
          </p>
          <div
            class="c6"
          >
            <button
              class="c7"
              data-testid="sort-button"
            >
              <svg />
              <svg />
            </button>
          </div>
        </div>
      </div>
      <div
        class="c8"
        data-testid="card-content"
      >
        <div
          class="c9 c10"
        >
          <div
            class="c11"
          >
            <div
              class="c12"
            >
              <div
                class="c13"
              >
                <div
                  class="c14"
                >
                  <div
                    class="c15"
                  >
                    t1
                  </div>
                  <div
                    class="c16"
                  >
                    <div
                      class="c17"
                    >
                      <span
                        class="c18"
                        data-testid="tooltip-container"
                      >
                        20
                        /
                        100
                      </span>
                    </div>
                    <div
                      class="c17 c19"
                    >
                      <span
                        class="c18"
                        data-testid="tooltip-container"
                      >
                        20
                        %
                      </span>
                    </div>
                  </div>
                </div>
                <div
                  class="c15 c20"
                >
                  d1
                </div>
              </div>
              <div
                class="c21"
              >
                <div
                  class="c22"
                  style="width: 20%;"
                />
              </div>
            </div>
          </div>
          <div
            class="c11"
          >
            <div
              class="c12"
            >
              <div
                class="c13"
              >
                <div
                  class="c14"
                >
                  <div
                    class="c15"
                  >
                    t2
                  </div>
                  <div
                    class="c16"
                  >
                    <div
                      class="c17"
                    >
                      <span
                        class="c18"
                        data-testid="tooltip-container"
                      >
                        20
                        /
                        100
                      </span>
                    </div>
                    <div
                      class="c17 c19"
                    >
                      <span
                        class="c18"
                        data-testid="tooltip-container"
                      >
                        20
                        %
                      </span>
                    </div>
                  </div>
                </div>
                <div
                  class="c15 c20"
                >
                  d2
                </div>
              </div>
              <div
                class="c21"
              >
                <div
                  class="c23"
                  style="width: 20%;"
                />
              </div>
            </div>
          </div>
        </div>
        <div
          class="c24"
        >
          <div
            class="c25"
          >
            <div
              class="c26"
            />
            Survey
             tasks
          </div>
          <div
            class="c25"
          >
            <div
              class="c27"
            />
            Activity
             tasks
          </div>
        </div>
      </div>
    </div>
  </div>
</body>
`;
