// Jest Snapshot v1, https://goo.gl/fbAQLP

exports[`ForgotPassword should render and redirect to forgot password confirm 1`] = `
.c1 {
  color: #474747;
  min-width: 50rem;
  width: 55.556vw;
  min-height: 29.812499999999996rem;
  height: 33.125265vw;
  max-height: 90vh;
  display: -webkit-box;
  display: -webkit-flex;
  display: -ms-flexbox;
  display: flex;
  margin: auto;
  background-color: #FFFFFF;
  box-shadow: 0 0 0.125rem 0rem rgba(0,0,0,0.15);
  border-radius: 0.25rem;
  -webkit-flex-shrink: 0;
  -ms-flex-negative: 0;
  flex-shrink: 0;
}

.c7 {
  display: -webkit-box;
  display: -webkit-flex;
  display: -ms-flexbox;
  display: flex;
  -webkit-flex-direction: column;
  -ms-flex-direction: column;
  flex-direction: column;
  gap: 0.5rem;
}

.c12 > svg {
  position: relative;
  bottom: 2.6875rem;
  left: calc(100% - 0.5rem);
}

.c11 {
  font-family: Inter,sans-serif;
  font-size: 1rem;
  line-height: 1.5rem;
  font-weight: 400;
  font-style: normal;
  color: #474747;
  box-sizing: border-box;
  height: 3.5rem;
  width: 100%;
  margin: 0;
  padding: 1rem;
  background-color: #F7F8FA;
  border: 0.0625rem solid #F7F8FA;
  border-radius: 0.25rem;
  -webkit-transition: border 300ms cubic-bezier(0.45,0.05,0,1);
  transition: border 300ms cubic-bezier(0.45,0.05,0,1);
  caret-color: #4475E3;
}

.c11:hover:enabled {
  border-color: #2F65E0;
}

.c11:active:enabled,
.c11:focus-visible {
  outline: none;
  border-color: #4475E3;
}

.c11:disabled {
  color: rgba(0,0,0,0.38);
  border-color: transparent;
  background-color: #f8f8f8;
}

.c11::-webkit-input-placeholder {
  color: #808080;
}

.c11::-moz-placeholder {
  color: #808080;
}

.c11:-ms-input-placeholder {
  color: #808080;
}

.c11::placeholder {
  color: #808080;
}

.c11:disabled::-webkit-input-placeholder {
  color: #DBDBDB;
}

.c11:disabled::-moz-placeholder {
  color: #DBDBDB;
}

.c11:disabled:-ms-input-placeholder {
  color: #DBDBDB;
}

.c11:disabled::placeholder {
  color: #DBDBDB;
}

.c11:-webkit-autofill,
.c11:-webkit-autofill:hover,
.c11:-webkit-autofill:focus {
  border: 0.0625rem solid #4475E3;
  -webkit-transition: background-color 5000s ease-in-out 0s;
  transition: background-color 5000s ease-in-out 0s;
  background-color: #F7F8FA !important;
  background-image: unset !important;
  -webkit-text-fill-color: #838383;
}

.c11:-webkit-autofill:focus {
  border-color: #4475E3;
}

.c9 {
  max-height: 3.5rem;
}

.c9:hover .c10:enabled {
  border-color: #2F65E0;
}

.c8 {
  font-family: Inter,sans-serif;
  font-size: 0.875rem;
  line-height: 1.3125rem;
  font-weight: 400;
  font-style: normal;
  color: #474747;
  gap: 0.5rem;
  height: 1.125rem;
}

.c13 {
  font-family: Inter,sans-serif;
  font-size: 0.625rem;
  line-height: 0.9375rem;
  font-weight: 400;
  font-style: normal;
  color: #808080;
  padding-left: 1rem;
  height: 1.0625rem;
}

.c17 {
  position: absolute;
  will-change: opacity,transform;
  border-radius: 50%;
  -webkit-animation: bykygw 600ms cubic-bezier(0.4,0,0.2,1) forwards;
  animation: bykygw 600ms cubic-bezier(0.4,0,0.2,1) forwards;
  z-index: 0;
  pointer-events: none;
}

.c15 {
  position: relative;
  z-index: 0;
  display: -webkit-box !important;
  display: -webkit-flex !important;
  display: -ms-flexbox !important;
  display: flex !important;
  -webkit-align-items: center;
  -webkit-box-align: center;
  -ms-flex-align: center;
  align-items: center;
  -webkit-box-pack: center;
  -webkit-justify-content: center;
  -ms-flex-pack: center;
  justify-content: center;
  border-radius: 0.25rem;
  width: 100%;
  white-space: nowrap;
  padding: 0;
  overflow: hidden;
  -webkit-transition-duration: 400ms;
  transition-duration: 400ms;
  -webkit-transition-property: background-color;
  transition-property: background-color;
  height: 3rem;
  border: none;
  background-color: #4475E3;
}

.c15 > div {
  font-family: Inter,sans-serif;
  font-size: 1rem;
  line-height: 1.5rem;
  font-weight: 600;
  font-style: normal;
}

.c15 > div svg {
  margin-right: 0.25rem;
}

.c15 > div {
  color: #FFFFFF;
}

.c15 > div svg {
  fill: #FFFFFF;
}

.c15:hover:enabled {
  background-color: #2F65E0;
}

.c15:disabled {
  background-color: #B3C6F1;
}

.c15:focus-visible:enabled {
  border: 0.125rem solid #FFFFFF;
  background-color: #4475E3;
  outline: 0.125rem solid #C7D6F7;
}

.c16 {
  position: relative;
  z-index: 2;
  display: -webkit-box;
  display: -webkit-flex;
  display: -ms-flexbox;
  display: flex;
  -webkit-box-pack: center;
  -webkit-justify-content: center;
  -ms-flex-pack: center;
  justify-content: center;
  -webkit-align-items: center;
  -webkit-box-align: center;
  -ms-flex-align: center;
  align-items: center;
  -webkit-transform: translate3d(0,0,0.0625rem);
  -ms-transform: translate3d(0,0,0.0625rem);
  transform: translate3d(0,0,0.0625rem);
}

.c4 {
  font-family: Inter,sans-serif;
  font-size: 2rem;
  line-height: 2.625rem;
  font-weight: 600;
  font-style: normal;
  margin: 1rem auto 0.5rem;
  text-align: center;
}

.c0 {
  display: -webkit-box;
  display: -webkit-flex;
  display: -ms-flexbox;
  display: flex;
  height: 100%;
  width: 100%;
}

.c2 {
  display: -webkit-box;
  display: -webkit-flex;
  display: -ms-flexbox;
  display: flex;
  -webkit-flex-direction: column;
  -ms-flex-direction: column;
  flex-direction: column;
  width: 100%;
  -webkit-align-items: center;
  -webkit-box-align: center;
  -ms-flex-align: center;
  align-items: center;
}

.c5 {
  margin: 1rem auto 0.5rem;
}

.c3 {
  width: 28rem;
  margin: auto;
  display: -webkit-box;
  display: -webkit-flex;
  display: -ms-flexbox;
  display: flex;
  -webkit-flex-direction: column;
  -ms-flex-direction: column;
  flex-direction: column;
  padding-bottom: 1rem;
}

.c6 {
  font-family: Inter,sans-serif;
  font-size: 1rem;
  line-height: 1.5rem;
  font-weight: 400;
  font-style: normal;
  margin: 0 auto 2.625rem;
  text-align: center;
}

.c14 {
  margin-top: 1.3125rem;
}

@media (max-height:44rem) {
  .c0 {
    overflow-y: scroll;
  }
}

@media (max-width:45.75rem) {
  .c0 {
    overflow-x: scroll;
  }
}

<div
  class="c0"
  data-testid="forgot-password"
>
  <div
    class="c1"
    width="55.556"
  >
    <div
      class="c2"
    >
      <div
        class="c3"
      >
        <div
          class="c4 c5"
        >
          Forgot Password
        </div>
        <div
          class="c6"
        >
          Enter the email address associated with your account and we'll email instructions to reset your password.
        </div>
        <div
          class="c7"
        >
          <div
            class="c8"
            data-testid="input-description"
          >
            Email
          </div>
          <div
            class="c9"
          >
            <input
              class="c10 c11"
              data-testid="forgot-password-screen-email-field"
              maxlength="256"
              name="email"
              placeholder="Enter email"
              type="email"
              value=""
            />
            <div
              class="c12"
            />
          </div>
          <div
            class="c13"
          >
            Â 
          </div>
        </div>
        <div
          class="c14"
        >
          <button
            class="c15"
            data-testid="forgot-password-request-button"
            disabled=""
            fill="solid"
            style="overflow: hidden; position: relative;"
          >
            <div
              class="c16"
              data-testid="content"
            >
              Request instructions
            </div>
            <div
              class="c17"
              color="primaryPressed"
              opacity="1,1"
              scale="0"
              style="display: none; width: 0rem; height: 0rem; top: 0rem; left: 0rem;"
            />
          </button>
        </div>
      </div>
    </div>
  </div>
</div>
`;
