// Jest Snapshot v1, https://goo.gl/fbAQLP

exports[`PasswordChanged should render and redirect to overview 1`] = `
.c11 {
  position: absolute;
  will-change: opacity,transform;
  border-radius: 50%;
  -webkit-animation: bykygw 600ms cubic-bezier(0.4,0,0.2,1) forwards;
  animation: bykygw 600ms cubic-bezier(0.4,0,0.2,1) forwards;
  z-index: 0;
  pointer-events: none;
}

.c9 {
  position: relative;
  z-index: 0;
  display: -webkit-box !important;
  display: -webkit-flex !important;
  display: -ms-flexbox !important;
  display: flex !important;
  -webkit-align-items: center;
  -webkit-box-align: center;
  -ms-flex-align: center;
  align-items: center;
  -webkit-box-pack: center;
  -webkit-justify-content: center;
  -ms-flex-pack: center;
  justify-content: center;
  border-radius: 0.25rem;
  width: 100%;
  white-space: nowrap;
  padding: 0;
  overflow: hidden;
  -webkit-transition-duration: 400ms;
  transition-duration: 400ms;
  -webkit-transition-property: background-color;
  transition-property: background-color;
  height: 3rem;
  border: none;
  background-color: #4475E3;
}

.c9:hover {
  cursor: pointer;
}

.c9 > div {
  font-family: Inter,sans-serif;
  font-size: 1rem;
  line-height: 1.5rem;
  font-weight: 600;
  font-style: normal;
}

.c9 > div svg {
  margin-right: 0.25rem;
}

.c9 > div {
  color: #FFFFFF;
}

.c9 > div svg {
  fill: #FFFFFF;
}

.c9:hover:enabled {
  background-color: #2F65E0;
}

.c9:disabled {
  background-color: #B3C6F1;
}

.c9:focus-visible:enabled {
  border: 0.125rem solid #FFFFFF;
  background-color: #4475E3;
  outline: 0.125rem solid #C7D6F7;
}

.c10 {
  position: relative;
  z-index: 2;
  display: -webkit-box;
  display: -webkit-flex;
  display: -ms-flexbox;
  display: flex;
  -webkit-box-pack: center;
  -webkit-justify-content: center;
  -ms-flex-pack: center;
  justify-content: center;
  -webkit-align-items: center;
  -webkit-box-align: center;
  -ms-flex-align: center;
  align-items: center;
  -webkit-transform: translate3d(0,0,0.0625rem);
  -ms-transform: translate3d(0,0,0.0625rem);
  transform: translate3d(0,0,0.0625rem);
}

.c1 {
  display: -webkit-box;
  display: -webkit-flex;
  display: -ms-flexbox;
  display: flex;
  -webkit-flex-direction: column;
  -ms-flex-direction: column;
  flex-direction: column;
  background-color: #FFFFFF;
  box-shadow: 0 0 0.125rem 0rem rgba(0,0,0,0.15);
  border-radius: 0.25rem;
  box-sizing: border-box;
  padding: 1.5rem 1.5rem 1rem;
  overflow: visible;
  position: relative;
}

.c1 > * {
  min-width: 0;
  min-height: 0;
  overflow: visible;
}

.c3 {
  -webkit-transition: opacity 0.3s cubic-bezier(0.45,0.05,0,1);
  transition: opacity 0.3s cubic-bezier(0.45,0.05,0,1);
  opacity: 1;
  -webkit-flex: 1;
  -ms-flex: 1;
  flex: 1;
  position: relative;
  display: -webkit-box;
  display: -webkit-flex;
  display: -ms-flexbox;
  display: flex;
  -webkit-flex-direction: column;
  -ms-flex-direction: column;
  flex-direction: column;
}

.c4 {
  display: -webkit-box;
  display: -webkit-flex;
  display: -ms-flexbox;
  display: flex;
  -webkit-flex-direction: column;
  -ms-flex-direction: column;
  flex-direction: column;
  width: 100%;
  -webkit-align-items: center;
  -webkit-box-align: center;
  -ms-flex-align: center;
  align-items: center;
  margin-top: -0.875rem;
}

.c4 > * {
  text-align: center;
}

.c5 {
  display: -webkit-box;
  display: -webkit-flex;
  display: -ms-flexbox;
  display: flex;
  -webkit-align-items: center;
  -webkit-box-align: center;
  -ms-flex-align: center;
  align-items: center;
  -webkit-box-pack: center;
  -webkit-justify-content: center;
  -ms-flex-pack: center;
  justify-content: center;
  width: 15rem;
  height: 15rem;
}

.c6 {
  font-family: Inter,sans-serif;
  font-size: 2rem;
  line-height: 2.625rem;
  font-weight: 600;
  font-style: normal;
  margin: 0;
  margin-top: 0.375rem;
}

.c7 {
  font-family: Inter,sans-serif;
  font-size: 1rem;
  line-height: 1.5rem;
  font-weight: 400;
  font-style: normal;
  max-width: 37.5rem;
  margin: 0;
  margin-top: 0.5rem;
}

.c7 strong {
  font-family: Inter,sans-serif;
  font-size: 1rem;
  line-height: 1.5rem;
  font-weight: 600;
  font-style: normal;
}

.c0 {
  display: -webkit-box;
  display: -webkit-flex;
  display: -ms-flexbox;
  display: flex;
  -webkit-align-items: center;
  -webkit-box-align: center;
  -ms-flex-align: center;
  align-items: center;
  -webkit-box-pack: center;
  -webkit-justify-content: center;
  -ms-flex-pack: center;
  justify-content: center;
  height: 100%;
  width: 100%;
}

.c2 {
  width: 90%;
  max-width: 50rem;
  min-height: 34.125rem;
}

.c2 > div {
  display: -webkit-box;
  display: -webkit-flex;
  display: -ms-flexbox;
  display: flex;
  -webkit-align-items: center;
  -webkit-box-align: center;
  -ms-flex-align: center;
  align-items: center;
  -webkit-box-pack: center;
  -webkit-justify-content: center;
  -ms-flex-pack: center;
  justify-content: center;
}

.c8 {
  margin-top: 2rem;
}

.c8 > button {
  width: 28rem;
}

<div
  class="c0"
  data-testid="password-changed"
>
  <div
    class="c1 c2"
  >
    <div
      class="c3"
      data-testid="card-content"
    >
      <div
        class="c4"
      >
        <div
          class="c5"
        >
          <svg />
        </div>
        <h2
          class="c6"
        >
          Password Changed!
        </h2>
        <p
          class="c7"
        >
          Congratulations! You have successfully changed the password for
          <br />
          <strong>
            hello@samsung.com
          </strong>
          . Continue to the web portal to access and
          <br />
          create studies.
        </p>
        <div
          class=""
        >
          <div
            class="c8"
          >
            <button
              class="c9"
              data-testid="password-changed-next-button"
              fill="solid"
              style="overflow: hidden; position: relative;"
            >
              <div
                class="c10"
                data-testid="content"
              >
                Continue to Portal
              </div>
              <div
                class="c11"
                color="primaryPressed"
                opacity="1,1"
                scale="0"
                style="display: none; width: 0rem; height: 0rem; top: 0rem; left: 0rem;"
              />
            </button>
          </div>
        </div>
      </div>
    </div>
  </div>
</div>
`;
