// Jest Snapshot v1, https://goo.gl/fbAQLP

exports[`PreviewSlider should render 1`] = `
.c0 {
  display: -webkit-box;
  display: -webkit-flex;
  display: -ms-flexbox;
  display: flex;
  -webkit-flex-direction: column;
  -ms-flex-direction: column;
  flex-direction: column;
  width: 100%;
  position: relative;
  height: 4.375rem;
}

.c6 {
  width: 100%;
  background-color: #ECF1FC;
  height: 0.125rem;
}

.c1 {
  width: 100%;
  height: -webkit-fit-content;
  height: -moz-fit-content;
  height: fit-content;
  position: absolute;
  display: -webkit-box;
  display: -webkit-flex;
  display: -ms-flexbox;
  display: flex;
  -webkit-align-items: center;
  -webkit-box-align: center;
  -ms-flex-align: center;
  align-items: center;
  -webkit-box-pack: start;
  -webkit-justify-content: flex-start;
  -ms-flex-pack: start;
  justify-content: flex-start;
  padding: 0 0.375rem;
}

.c2 {
  cursor: pointer;
  height: 2.25rem;
  position: relative;
  top: -0.3125rem;
  display: -webkit-box;
  display: -webkit-flex;
  display: -ms-flexbox;
  display: flex;
  -webkit-box-pack: start;
  -webkit-justify-content: flex-start;
  -ms-flex-pack: start;
  justify-content: flex-start;
  width: calc((100% / 9) / 2);
}

.c4 {
  cursor: pointer;
  height: 2.25rem;
  position: relative;
  top: -0.3125rem;
  display: -webkit-box;
  display: -webkit-flex;
  display: -ms-flexbox;
  display: flex;
  -webkit-box-pack: center;
  -webkit-justify-content: center;
  -ms-flex-pack: center;
  justify-content: center;
  width: calc(100% / 9);
}

.c5 {
  cursor: pointer;
  height: 2.25rem;
  position: relative;
  top: -0.3125rem;
  display: -webkit-box;
  display: -webkit-flex;
  display: -ms-flexbox;
  display: flex;
  -webkit-box-pack: end;
  -webkit-justify-content: flex-end;
  -ms-flex-pack: end;
  justify-content: flex-end;
  width: calc((100% / 9) / 2);
}

.c3 {
  cursor: pointer;
  width: 0.125rem;
  position: relative;
  top: 1.25rem;
  height: 0.375rem;
  background-color: #4475E3;
}

.c8 {
  width: 100%;
  display: -webkit-box;
  display: -webkit-flex;
  display: -ms-flexbox;
  display: flex;
  -webkit-box-pack: justify;
  -webkit-justify-content: space-between;
  -ms-flex-pack: justify;
  justify-content: space-between;
  font-family: Inter,sans-serif;
  font-size: 0.625rem;
  line-height: 0.9375rem;
  font-weight: 400;
  font-style: normal;
  line-height: 0.8125rem;
  color: #474747;
  position: absolute;
  top: 1.75rem;
  left: 0;
}

.c9 {
  color: #808080;
  text-transform: uppercase;
  -webkit-letter-spacing: 0.0625rem;
  -moz-letter-spacing: 0.0625rem;
  -ms-letter-spacing: 0.0625rem;
  letter-spacing: 0.0625rem;
  top: 2.8125rem;
}

.c7 {
  position: absolute;
  width: 1rem;
  height: 1rem;
  background-color: #4475E3;
  border-radius: 50%;
  box-shadow: 0 0 0.5rem rgba(32,87,213,0.25);
  top: -0.5rem;
  left: calc(((100% - 0.75rem - 0.25rem) / (10 - 1) * 4));
  opacity: 1;
}

<div
  class="c0"
  data-testid="survey-preview-slider"
>
  <div
    class="c1"
  >
    <div
      class="c2"
      data-testid="survey-preview-slider-point"
    >
      <div
        class="c3"
      />
    </div>
    <div
      class="c4"
      data-testid="survey-preview-slider-point"
    >
      <div
        class="c3"
      />
    </div>
    <div
      class="c4"
      data-testid="survey-preview-slider-point"
    >
      <div
        class="c3"
      />
    </div>
    <div
      class="c4"
      data-testid="survey-preview-slider-point"
    >
      <div
        class="c3"
      />
    </div>
    <div
      class="c4"
      data-testid="survey-preview-slider-point"
    >
      <div
        class="c3"
      />
    </div>
    <div
      class="c4"
      data-testid="survey-preview-slider-point"
    >
      <div
        class="c3"
      />
    </div>
    <div
      class="c4"
      data-testid="survey-preview-slider-point"
    >
      <div
        class="c3"
      />
    </div>
    <div
      class="c4"
      data-testid="survey-preview-slider-point"
    >
      <div
        class="c3"
      />
    </div>
    <div
      class="c4"
      data-testid="survey-preview-slider-point"
    >
      <div
        class="c3"
      />
    </div>
    <div
      class="c5"
      data-testid="survey-preview-slider-point"
    >
      <div
        class="c3"
      />
    </div>
  </div>
  <div
    class="c6"
  />
  <div
    class="c7"
  />
  <div
    class="c8"
  >
    <div
      data-testid="survey-preview-slider-min-value"
    >
      1
    </div>
    <div
      data-testid="survey-preview-slider-max-value"
    >
      10
    </div>
  </div>
  <div
    class="c8 c9"
  >
    <div
      data-testid="survey-preview-slider-min-label"
    >
      min
    </div>
    <div
      data-testid="survey-preview-slider-max-label"
    >
      max
    </div>
  </div>
</div>
`;
